Archive member included to satisfy reference by file (symbol)

build/waf.bootloader-NoOS-EMW3166/libraries/App_WICED_Bootloader_EMW3166.a(bootloader.o)
                              build/waf.bootloader-NoOS-EMW3166/Modules/./WICED/platform/MCU/STM32F4xx/../../ARM_CM4/crt0_GCC.o (main)
build/waf.bootloader-NoOS-EMW3166/libraries/Platform_EMW3166.a(platform.o)
                              build/waf.bootloader-NoOS-EMW3166/Modules/./WICED/platform/MCU/STM32F4xx/../../ARM_CM4/crt0_GCC.o (platform_init_external_devices)
build/waf.bootloader-NoOS-EMW3166/libraries/WWD_NoOS_Interface.a(wwd_rtos.o)
                              build/waf.bootloader-NoOS-EMW3166/Modules/WICED/platform/GCC/time_newlib.o (host_rtos_get_time)
build/waf.bootloader-NoOS-EMW3166/libraries/WWD_NoOS_Interface.a(noos.o)
                              build/waf.bootloader-NoOS-EMW3166/Modules/./WICED/platform/MCU/STM32F4xx/platform_vector_table.o (NoOS_systick_irq)
build/waf.bootloader-NoOS-EMW3166/libraries/STM32F4xx.a(platform_stdio.o)
                              build/waf.bootloader-NoOS-EMW3166/Modules/WICED/platform/GCC/stdio_newlib.o (platform_stdio_write)
build/waf.bootloader-NoOS-EMW3166/libraries/STM32F4xx.a(wiced_waf_common.o)
                              build/waf.bootloader-NoOS-EMW3166/libraries/App_WICED_Bootloader_EMW3166.a(bootloader.o) (wiced_waf_app_load)
build/waf.bootloader-NoOS-EMW3166/libraries/STM32F4xx.a(platform_init.o)
                              build/waf.bootloader-NoOS-EMW3166/libraries/STM32F4xx.a(wiced_waf_common.o) (platform_mcu_reset)
build/waf.bootloader-NoOS-EMW3166/libraries/STM32F4xx.a(platform_unhandled_isr.o)
                              build/waf.bootloader-NoOS-EMW3166/Modules/./WICED/platform/MCU/STM32F4xx/platform_vector_table.o (UnhandledInterrupt)
build/waf.bootloader-NoOS-EMW3166/libraries/STM32F4xx.a(waf_platform.o)
                              build/waf.bootloader-NoOS-EMW3166/libraries/STM32F4xx.a(wiced_waf_common.o) (platform_start_app)
build/waf.bootloader-NoOS-EMW3166/libraries/STM32F4xx.a(wiced_dct_internal_common.o)
                              build/waf.bootloader-NoOS-EMW3166/libraries/App_WICED_Bootloader_EMW3166.a(bootloader.o) (wiced_dct_read_with_copy)
build/waf.bootloader-NoOS-EMW3166/libraries/STM32F4xx.a(wiced_dct_update.o)
                              build/waf.bootloader-NoOS-EMW3166/libraries/STM32F4xx.a(wiced_dct_internal_common.o) (wiced_dct_minimal_check_dct_header)
build/waf.bootloader-NoOS-EMW3166/libraries/STM32F4xx.a(wwd_platform_separate_mcu.o)
                              build/waf.bootloader-NoOS-EMW3166/libraries/STM32F4xx.a(platform_init.o) (host_platform_init)
build/waf.bootloader-NoOS-EMW3166/libraries/STM32F4xx.a(wiced_apps_common.o)
                              build/waf.bootloader-NoOS-EMW3166/libraries/STM32F4xx.a(wiced_waf_common.o) (wiced_apps_get_size)
build/waf.bootloader-NoOS-EMW3166/libraries/STM32F4xx_Peripheral_Drivers.a(platform_gpio.o)
                              build/waf.bootloader-NoOS-EMW3166/libraries/STM32F4xx.a(wwd_platform_separate_mcu.o) (platform_gpio_output_high)
build/waf.bootloader-NoOS-EMW3166/libraries/STM32F4xx_Peripheral_Drivers.a(platform_mcu_powersave.o)
                              build/waf.bootloader-NoOS-EMW3166/libraries/STM32F4xx_Peripheral_Drivers.a(platform_gpio.o) (platform_mcu_powersave_disable)
build/waf.bootloader-NoOS-EMW3166/libraries/STM32F4xx_Peripheral_Drivers.a(logan_audio_in_i2s.o)
                              build/waf.bootloader-NoOS-EMW3166/libraries/Platform_EMW3166.a(platform.o) (audio_in_i2s_IRQHandler)
build/waf.bootloader-NoOS-EMW3166/libraries/STM32F4xx_Peripheral_Drivers.a(logan_audio_out_i2s.o)
                              build/waf.bootloader-NoOS-EMW3166/libraries/Platform_EMW3166.a(platform.o) (audio_out_i2s_IRQHandler)
build/waf.bootloader-NoOS-EMW3166/libraries/STM32F4xx_Peripheral_Drivers.a(logan_MAX98357A.o)
                              build/waf.bootloader-NoOS-EMW3166/libraries/STM32F4xx_Peripheral_Drivers.a(logan_audio_out_i2s.o) (MAX98357A_init)
build/waf.bootloader-NoOS-EMW3166/libraries/STM32F4xx_Peripheral_Drivers.a(logan_i2s.o)
                              build/waf.bootloader-NoOS-EMW3166/libraries/STM32F4xx_Peripheral_Drivers.a(logan_audio_in_i2s.o) (i2s_init)
build/waf.bootloader-NoOS-EMW3166/libraries/STM32F4xx_Peripheral_Drivers.a(platform_uart.o)
                              build/waf.bootloader-NoOS-EMW3166/libraries/Platform_EMW3166.a(platform.o) (platform_uart_irq)
build/waf.bootloader-NoOS-EMW3166/libraries/STM32F4xx_Peripheral_Drivers.a(platform_watchdog.o)
                              build/waf.bootloader-NoOS-EMW3166/libraries/STM32F4xx.a(platform_init.o) (platform_watchdog_init)
build/waf.bootloader-NoOS-EMW3166/libraries/Lib_Ring_Buffer.a(ring_buffer.o)
                              build/waf.bootloader-NoOS-EMW3166/libraries/STM32F4xx_Peripheral_Drivers.a(platform_uart.o) (ring_buffer_get_data)
[...]
Memory Configuration

Name             Origin             Length             Attributes
BTLDR_VECTORS    0x0000000008000000 0x0000000000000200 xr
SHARED_API       0x0000000008000200 0x0000000000000200 xr
BTLDR_CODE       0x0000000008000400 0x0000000000003c00 xr
DCT1_FLASH       0x0000000008004000 0x0000000000004000 xr
DCT2_FLASH       0x0000000008008000 0x0000000000004000 xr
APP_CODE         0x000000000800c000 0x00000000000f4000 xr
SRAM             0x0000000020000000 0x0000000000040000 xrw
BTLDR_SRAM       0x000000002001bc00 0x0000000000004400 xrw
*default*        0x0000000000000000 0xffffffffffffffff

Linker script and memory map

                0x0000000008000588                reset_handler = _start

.vectors        0x0000000008000000      0x184
                0x0000000008000000                link_interrupt_vectors_location = .
 *(*.interrupt_vector_table)
 .rodata.interrupt_vector_table
                0x0000000008000000      0x184 build/waf.bootloader-NoOS-EMW3166/Modules/./WICED/platform/MCU/STM32F4xx/platform_vector_table.o
                0x0000000008000000                interrupt_vector_table

.shared_api     0x0000000008000200        0x0
                0x0000000008000200                shared_api_location = .
 *(.rodata.shared_waf_api_val)

.text           0x0000000008000400     0x1c40
                0x0000000008000400                link_code_location = .
 *(.text.irq)
 .text.irq      0x0000000008000400       0x80 build/waf.bootloader-NoOS-EMW3166/libraries/Platform_EMW3166.a(platform.o)
                0x0000000008000400                USART6_irq
                0x0000000008000400                usart6_irq
                0x000000000800041c                DMA2_Stream6_irq
                0x000000000800041c                usart6_tx_dma_irq
                0x0000000008000438                usart6_rx_dma_irq
                0x0000000008000438                DMA2_Stream1_irq
                0x0000000008000454                audio_out_tx_dma_irq
                0x0000000008000454                DMA1_Stream4_irq
                0x000000000800046a                DMA2_Stream5_irq
                0x000000000800046a                audio_in_rx_dma_irq
 .text.irq      0x0000000008000480       0x20 build/waf.bootloader-NoOS-EMW3166/libraries/WWD_NoOS_Interface.a(noos.o)
                0x0000000008000480                NoOS_systick_irq
 .text.irq      0x00000000080004a0       0x18 build/waf.bootloader-NoOS-EMW3166/libraries/STM32F4xx.a(platform_unhandled_isr.o)
                0x00000000080004a0                MemManageException
                0x00000000080004a0                BusFaultException
                0x00000000080004a0                OTG_HS_EP1_OUT_irq
                0x00000000080004a0                CAN2_RX0_irq
                0x00000000080004a0                UART5_irq
                0x00000000080004a0                DMA1_Stream3_irq
                0x00000000080004a0                SPI2_irq
                0x00000000080004a0                USART3_irq
                0x00000000080004a0                FSMC_irq
                0x00000000080004a0                DebugMonitor
                0x00000000080004a0                TIM1_UP_TIM10_irq
                0x00000000080004a0                CAN1_TX_irq
                0x00000000080004a0                HardFaultException
                0x00000000080004a0                TIM2_irq
                0x00000000080004a0                SPI1_irq
                0x00000000080004a0                ETH_WKUP_irq
                0x00000000080004a0                TAMP_STAMP_irq
                0x00000000080004a0                DMA1_Stream6_irq
                0x00000000080004a0                ADC_irq
                0x00000000080004a0                TIM8_UP_TIM13_irq
                0x00000000080004a0                DMA1_Stream1_irq
                0x00000000080004a0                ETH_irq
                0x00000000080004a0                UnhandledInterrupt
                0x00000000080004a0                DMA1_Stream2_irq
                0x00000000080004a0                RTC_Alarm_irq
                0x00000000080004a0                TIM8_CC_irq
                0x00000000080004a0                DMA2_Stream4_irq
                0x00000000080004a0                I2C1_ER_irq
                0x00000000080004a0                DMA1_Stream0_irq
                0x00000000080004a0                NMIException
                0x00000000080004a0                USART1_irq
                0x00000000080004a0                DMA2_Stream0_irq
                0x00000000080004a0                OTG_FS_WKUP_irq
                0x00000000080004a0                I2C1_EV_irq
                0x00000000080004a0                CAN2_TX_irq
                0x00000000080004a0                WWDG_irq
                0x00000000080004a0                SPI3_irq
                0x00000000080004a0                PVD_irq
                0x00000000080004a0                DMA2_Stream3_irq
                0x00000000080004a0                TIM8_TRG_COM_TIM14_irq
                0x00000000080004a0                OTG_HS_EP1_IN_irq
                0x00000000080004a0                DMA2_Stream7_irq
                0x00000000080004a0                TIM1_TRG_COM_TIM11_irq
                0x00000000080004a0                I2C2_EV_irq
                0x00000000080004a0                CRYP_irq
                0x00000000080004a0                I2C3_EV_irq
                0x00000000080004a0                DMA1_Stream7_irq
                0x00000000080004a0                HASH_RNG_irq
                0x00000000080004a0                TIM1_CC_irq
                0x00000000080004a0                TIM8_BRK_TIM12_irq
                0x00000000080004a0                CAN2_RX1_irq
                0x00000000080004a0                RTC_WKUP_irq
                0x00000000080004a0                DMA1_Stream5_irq
                0x00000000080004a0                CAN1_RX1_irq
                0x00000000080004a0                TIM6_DAC_irq
                0x00000000080004a0                TIM7_irq
                0x00000000080004a0                CAN1_RX0_irq
                0x00000000080004a0                OTG_HS_WKUP_irq
                0x00000000080004a0                TIM1_BRK_TIM9_irq
                0x00000000080004a0                OTG_FS_irq
                0x00000000080004a0                TIM5_irq
                0x00000000080004a0                DCMI_irq
                0x00000000080004a0                UART4_irq
                0x00000000080004a0                CAN1_SCE_irq
                0x00000000080004a0                UsageFaultException
                0x00000000080004a0                SDIO_irq
                0x00000000080004a0                OTG_HS_irq
                0x00000000080004a0                CAN2_SCE_irq
                0x00000000080004a0                I2C3_ER_irq
                0x00000000080004a0                USART2_irq
                0x00000000080004a0                RCC_irq
                0x00000000080004a0                DMA2_Stream2_irq
                0x00000000080004a0                FLASH_irq
                0x00000000080004a0                I2C2_ER_irq
                0x00000000080004a0                TIM3_irq
 .text.irq      0x00000000080004b8       0xb0 build/waf.bootloader-NoOS-EMW3166/libraries/STM32F4xx_Peripheral_Drivers.a(platform_gpio.o)
                0x00000000080004b8                EXTI9_5_irq
                0x00000000080004b8                EXTI4_irq
                0x00000000080004b8                EXTI1_irq
                0x00000000080004b8                EXTI0_irq
                0x00000000080004b8                EXTI15_10_irq
                0x00000000080004b8                gpio_irq
                0x00000000080004b8                EXTI3_irq
                0x00000000080004b8                EXTI2_irq
 .text.irq      0x0000000008000568       0x20 build/waf.bootloader-NoOS-EMW3166/libraries/STM32F4xx_Peripheral_Drivers.a(platform_watchdog.o)
                0x0000000008000568                TIM4_irq
                0x0000000008000568                dbg_watchdog_irq
 *(.text .text.* .gnu.linkonce.t.*)
 .text._start   0x0000000008000588       0xc8 build/waf.bootloader-NoOS-EMW3166/Modules/./WICED/platform/MCU/STM32F4xx/../../ARM_CM4/crt0_GCC.o
                0x0000000008000588                _start
 .text.startup.main
                0x0000000008000650       0x5e build/waf.bootloader-NoOS-EMW3166/libraries/App_WICED_Bootloader_EMW3166.a(bootloader.o)
                0x0000000008000650                main
 *fill*         0x00000000080006ae        0x2 
 .text.platform_init_peripheral_irq_priorities
                0x00000000080006b0       0x5c build/waf.bootloader-NoOS-EMW3166/libraries/Platform_EMW3166.a(platform.o)
                0x00000000080006b0                platform_init_peripheral_irq_priorities
 .text.platform_init_external_devices
                0x000000000800070c       0x24 build/waf.bootloader-NoOS-EMW3166/libraries/Platform_EMW3166.a(platform.o)
                0x000000000800070c                platform_init_external_devices
 .text.host_rtos_set_semaphore
                0x0000000008000730       0x16 build/waf.bootloader-NoOS-EMW3166/libraries/WWD_NoOS_Interface.a(wwd_rtos.o)
                0x0000000008000730                host_rtos_set_semaphore
 *fill*         0x0000000008000746        0x2 
 .text.platform_init_rtos_irq_priorities
                0x0000000008000748       0x20 build/waf.bootloader-NoOS-EMW3166/libraries/WWD_NoOS_Interface.a(noos.o)
                0x0000000008000748                platform_init_rtos_irq_priorities
 .text.wiced_waf_app_load
                0x0000000008000768       0xb8 build/waf.bootloader-NoOS-EMW3166/libraries/STM32F4xx.a(wiced_waf_common.o)
                0x0000000008000768                wiced_waf_app_load
 .text.wiced_waf_start_app
                0x0000000008000820        0x4 build/waf.bootloader-NoOS-EMW3166/libraries/STM32F4xx.a(wiced_waf_common.o)
                0x0000000008000820                wiced_waf_start_app
 .text.platform_mcu_reset
                0x0000000008000824       0x20 build/waf.bootloader-NoOS-EMW3166/libraries/STM32F4xx.a(platform_init.o)
                0x0000000008000824                platform_mcu_reset
 .text.platform_init_system_clocks
                0x0000000008000844       0x6a build/waf.bootloader-NoOS-EMW3166/libraries/STM32F4xx.a(platform_init.o)
                0x0000000008000844                platform_init_system_clocks
 .text.platform_init_memory
                0x00000000080008ae        0x2 build/waf.bootloader-NoOS-EMW3166/libraries/STM32F4xx.a(platform_init.o)
                0x00000000080008ae                platform_init_memory
 .text.platform_init_mcu_infrastructure
                0x00000000080008b0       0x34 build/waf.bootloader-NoOS-EMW3166/libraries/STM32F4xx.a(platform_init.o)
                0x00000000080008b0                platform_init_mcu_infrastructure
 .text.platform_start_app
                0x00000000080008e4       0x34 build/waf.bootloader-NoOS-EMW3166/libraries/STM32F4xx.a(waf_platform.o)
                0x00000000080008e4                platform_start_app
 .text.platform_erase_flash
                0x0000000008000918       0x36 build/waf.bootloader-NoOS-EMW3166/libraries/STM32F4xx.a(waf_platform.o)
                0x0000000008000918                platform_erase_flash
 .text.platform_write_flash_chunk
                0x000000000800094e       0x7a build/waf.bootloader-NoOS-EMW3166/libraries/STM32F4xx.a(waf_platform.o)
                0x000000000800094e                platform_write_flash_chunk
 .text.platform_erase_app_area
                0x00000000080009c8       0x24 build/waf.bootloader-NoOS-EMW3166/libraries/STM32F4xx.a(waf_platform.o)
                0x00000000080009c8                platform_erase_app_area
 .text.platform_load_app_chunk
                0x00000000080009ec       0x60 build/waf.bootloader-NoOS-EMW3166/libraries/STM32F4xx.a(waf_platform.o)
                0x00000000080009ec                platform_load_app_chunk
 .text.wiced_dct_copy_sflash
                0x0000000008000a4c       0x3c build/waf.bootloader-NoOS-EMW3166/libraries/STM32F4xx.a(wiced_dct_internal_common.o)
 .text.wiced_dct_generate_crc_from_flash.constprop.2
                0x0000000008000a88       0x3e build/waf.bootloader-NoOS-EMW3166/libraries/STM32F4xx.a(wiced_dct_internal_common.o)
 *fill*         0x0000000008000ac6        0x2 
 .text.wiced_dct_finish_new_dct
                0x0000000008000ac8       0xe8 build/waf.bootloader-NoOS-EMW3166/libraries/STM32F4xx.a(wiced_dct_internal_common.o)
 .text.wiced_dct_validate_and_determine_version
                0x0000000008000bb0       0xd6 build/waf.bootloader-NoOS-EMW3166/libraries/STM32F4xx.a(wiced_dct_internal_common.o)
                0x0000000008000bb0                wiced_dct_validate_and_determine_version
 *fill*         0x0000000008000c86        0x2 
 .text.wiced_dct_erase_non_current_dct
                0x0000000008000c88       0x18 build/waf.bootloader-NoOS-EMW3166/libraries/STM32F4xx.a(wiced_dct_internal_common.o)
                0x0000000008000c88                wiced_dct_erase_non_current_dct
 .text.wiced_dct_get_current_address
                0x0000000008000ca0      0x148 build/waf.bootloader-NoOS-EMW3166/libraries/STM32F4xx.a(wiced_dct_internal_common.o)
                0x0000000008000ca0                wiced_dct_get_current_address
 .text.wiced_dct_read_with_copy
                0x0000000008000de8       0x24 build/waf.bootloader-NoOS-EMW3166/libraries/STM32F4xx.a(wiced_dct_internal_common.o)
                0x0000000008000de8                wiced_dct_read_with_copy
 .text.wiced_dct_start_new_from_current.part.0
                0x0000000008000e0c       0x98 build/waf.bootloader-NoOS-EMW3166/libraries/STM32F4xx.a(wiced_dct_internal_common.o)
 .text.wiced_dct_write_boot_details
                0x0000000008000ea4       0x70 build/waf.bootloader-NoOS-EMW3166/libraries/STM32F4xx.a(wiced_dct_internal_common.o)
                0x0000000008000ea4                wiced_dct_write_boot_details
 .text.wiced_dct_minimal_check_dct_header
                0x0000000008000f14       0x28 build/waf.bootloader-NoOS-EMW3166/libraries/STM32F4xx.a(wiced_dct_update.o)
                0x0000000008000f14                wiced_dct_minimal_check_dct_header
 .text.wiced_dct_minimal_check_dct_version
                0x0000000008000f3c       0x24 build/waf.bootloader-NoOS-EMW3166/libraries/STM32F4xx.a(wiced_dct_update.o)
                0x0000000008000f3c                wiced_dct_minimal_check_dct_version
 .text.wiced_apps_get_physical_address
                0x0000000008000f60       0x72 build/waf.bootloader-NoOS-EMW3166/libraries/STM32F4xx.a(wiced_apps_common.o)
 *fill*         0x0000000008000fd2        0x2 
 .text.wiced_apps_read
                0x0000000008000fd4       0x94 build/waf.bootloader-NoOS-EMW3166/libraries/STM32F4xx.a(wiced_apps_common.o)
                0x0000000008000fd4                wiced_apps_read
 .text.platform_gpio_irq_manager_init
                0x0000000008001068       0x20 build/waf.bootloader-NoOS-EMW3166/libraries/STM32F4xx_Peripheral_Drivers.a(platform_gpio.o)
                0x0000000008001068                platform_gpio_irq_manager_init
 .text.audio_in_i2s_IRQHandler
                0x0000000008001088       0x50 build/waf.bootloader-NoOS-EMW3166/libraries/STM32F4xx_Peripheral_Drivers.a(logan_audio_in_i2s.o)
                0x0000000008001088                audio_in_i2s_IRQHandler
 .text.audio_out_i2s_IRQHandler
                0x00000000080010d8       0x60 build/waf.bootloader-NoOS-EMW3166/libraries/STM32F4xx_Peripheral_Drivers.a(logan_audio_out_i2s.o)
                0x00000000080010d8                audio_out_i2s_IRQHandler
 .text.clear_dma_interrupts
                0x0000000008001138       0x4c build/waf.bootloader-NoOS-EMW3166/libraries/STM32F4xx_Peripheral_Drivers.a(platform_uart.o)
 .text.get_dma_irq_status
                0x0000000008001184       0x34 build/waf.bootloader-NoOS-EMW3166/libraries/STM32F4xx_Peripheral_Drivers.a(platform_uart.o)
 .text.platform_uart_irq
                0x00000000080011b8       0x38 build/waf.bootloader-NoOS-EMW3166/libraries/STM32F4xx_Peripheral_Drivers.a(platform_uart.o)
                0x00000000080011b8                platform_uart_irq
 .text.platform_uart_tx_dma_irq
                0x00000000080011f0       0x4c build/waf.bootloader-NoOS-EMW3166/libraries/STM32F4xx_Peripheral_Drivers.a(platform_uart.o)
                0x00000000080011f0                platform_uart_tx_dma_irq
 .text.platform_uart_rx_dma_irq
                0x000000000800123c       0x4c build/waf.bootloader-NoOS-EMW3166/libraries/STM32F4xx_Peripheral_Drivers.a(platform_uart.o)
                0x000000000800123c                platform_uart_rx_dma_irq
 .text.platform_watchdog_init
                0x0000000008001288       0x94 build/waf.bootloader-NoOS-EMW3166/libraries/STM32F4xx_Peripheral_Drivers.a(platform_watchdog.o)
                0x0000000008001288                platform_watchdog_init
 .text.platform_watchdog_kick
                0x000000000800131c       0x4c build/waf.bootloader-NoOS-EMW3166/libraries/STM32F4xx_Peripheral_Drivers.a(platform_watchdog.o)
                0x000000000800131c                platform_watchdog_kick
 .text.ring_buffer_used_space
                0x0000000008001368       0x14 build/waf.bootloader-NoOS-EMW3166/libraries/Lib_Ring_Buffer.a(ring_buffer.o)
                0x0000000008001368                ring_buffer_used_space
 .text.NVIC_PriorityGroupConfig
                0x000000000800137c       0x14 build/waf.bootloader-NoOS-EMW3166/libraries/STM32F4xx_Peripheral_Libraries.a(misc.o)
                0x000000000800137c                NVIC_PriorityGroupConfig
 .text.SysTick_CLKSourceConfig
                0x0000000008001390       0x18 build/waf.bootloader-NoOS-EMW3166/libraries/STM32F4xx_Peripheral_Libraries.a(misc.o)
                0x0000000008001390                SysTick_CLKSourceConfig
 .text.DMA_GetFlagStatus
                0x00000000080013a8       0x38 build/waf.bootloader-NoOS-EMW3166/libraries/STM32F4xx_Peripheral_Libraries.a(stm32f4xx_dma.o)
                0x00000000080013a8                DMA_GetFlagStatus
 .text.DMA_ClearFlag
                0x00000000080013e0       0x30 build/waf.bootloader-NoOS-EMW3166/libraries/STM32F4xx_Peripheral_Libraries.a(stm32f4xx_dma.o)
                0x00000000080013e0                DMA_ClearFlag
 .text.FLASH_SetLatency
                0x0000000008001410        0xc build/waf.bootloader-NoOS-EMW3166/libraries/STM32F4xx_Peripheral_Libraries.a(stm32f4xx_flash.o)
                0x0000000008001410                FLASH_SetLatency
 .text.FLASH_PrefetchBufferCmd
                0x000000000800141c       0x18 build/waf.bootloader-NoOS-EMW3166/libraries/STM32F4xx_Peripheral_Libraries.a(stm32f4xx_flash.o)
                0x000000000800141c                FLASH_PrefetchBufferCmd
 .text.FLASH_Unlock
                0x0000000008001434       0x1c build/waf.bootloader-NoOS-EMW3166/libraries/STM32F4xx_Peripheral_Libraries.a(stm32f4xx_flash.o)
                0x0000000008001434                FLASH_Unlock
 .text.FLASH_Lock
                0x0000000008001450       0x10 build/waf.bootloader-NoOS-EMW3166/libraries/STM32F4xx_Peripheral_Libraries.a(stm32f4xx_flash.o)
                0x0000000008001450                FLASH_Lock
 .text.FLASH_ClearFlag
                0x0000000008001460        0xc build/waf.bootloader-NoOS-EMW3166/libraries/STM32F4xx_Peripheral_Libraries.a(stm32f4xx_flash.o)
                0x0000000008001460                FLASH_ClearFlag
 .text.FLASH_GetStatus
                0x000000000800146c       0x40 build/waf.bootloader-NoOS-EMW3166/libraries/STM32F4xx_Peripheral_Libraries.a(stm32f4xx_flash.o)
                0x000000000800146c                FLASH_GetStatus
 .text.FLASH_WaitForLastOperation
                0x00000000080014ac       0x22 build/waf.bootloader-NoOS-EMW3166/libraries/STM32F4xx_Peripheral_Libraries.a(stm32f4xx_flash.o)
                0x00000000080014ac                FLASH_WaitForLastOperation
 *fill*         0x00000000080014ce        0x2 
 .text.FLASH_EraseSector
                0x00000000080014d0       0x6c build/waf.bootloader-NoOS-EMW3166/libraries/STM32F4xx_Peripheral_Libraries.a(stm32f4xx_flash.o)
                0x00000000080014d0                FLASH_EraseSector
 .text.FLASH_ProgramWord
                0x000000000800153c       0x3c build/waf.bootloader-NoOS-EMW3166/libraries/STM32F4xx_Peripheral_Libraries.a(stm32f4xx_flash.o)
                0x000000000800153c                FLASH_ProgramWord
 .text.FLASH_ProgramByte
                0x0000000008001578       0x38 build/waf.bootloader-NoOS-EMW3166/libraries/STM32F4xx_Peripheral_Libraries.a(stm32f4xx_flash.o)
                0x0000000008001578                FLASH_ProgramByte
 .text.IWDG_WriteAccessCmd
                0x00000000080015b0        0xc build/waf.bootloader-NoOS-EMW3166/libraries/STM32F4xx_Peripheral_Libraries.a(stm32f4xx_iwdg.o)
                0x00000000080015b0                IWDG_WriteAccessCmd
 .text.IWDG_SetPrescaler
                0x00000000080015bc        0xc build/waf.bootloader-NoOS-EMW3166/libraries/STM32F4xx_Peripheral_Libraries.a(stm32f4xx_iwdg.o)
                0x00000000080015bc                IWDG_SetPrescaler
 .text.IWDG_SetReload
                0x00000000080015c8        0xc build/waf.bootloader-NoOS-EMW3166/libraries/STM32F4xx_Peripheral_Libraries.a(stm32f4xx_iwdg.o)
                0x00000000080015c8                IWDG_SetReload
 .text.IWDG_ReloadCounter
                0x00000000080015d4       0x10 build/waf.bootloader-NoOS-EMW3166/libraries/STM32F4xx_Peripheral_Libraries.a(stm32f4xx_iwdg.o)
                0x00000000080015d4                IWDG_ReloadCounter
 .text.IWDG_Enable
                0x00000000080015e4       0x10 build/waf.bootloader-NoOS-EMW3166/libraries/STM32F4xx_Peripheral_Libraries.a(stm32f4xx_iwdg.o)
                0x00000000080015e4                IWDG_Enable
 .text.RCC_HSEConfig
                0x00000000080015f4       0x10 build/waf.bootloader-NoOS-EMW3166/libraries/STM32F4xx_Peripheral_Libraries.a(stm32f4xx_rcc.o)
                0x00000000080015f4                RCC_HSEConfig
 .text.RCC_PLLConfig
                0x0000000008001604       0x28 build/waf.bootloader-NoOS-EMW3166/libraries/STM32F4xx_Peripheral_Libraries.a(stm32f4xx_rcc.o)
                0x0000000008001604                RCC_PLLConfig
 .text.RCC_PLLCmd
                0x000000000800162c        0xc build/waf.bootloader-NoOS-EMW3166/libraries/STM32F4xx_Peripheral_Libraries.a(stm32f4xx_rcc.o)
                0x000000000800162c                RCC_PLLCmd
 .text.RCC_SYSCLKConfig
                0x0000000008001638       0x14 build/waf.bootloader-NoOS-EMW3166/libraries/STM32F4xx_Peripheral_Libraries.a(stm32f4xx_rcc.o)
                0x0000000008001638                RCC_SYSCLKConfig
 .text.RCC_GetSYSCLKSource
                0x000000000800164c       0x10 build/waf.bootloader-NoOS-EMW3166/libraries/STM32F4xx_Peripheral_Libraries.a(stm32f4xx_rcc.o)
                0x000000000800164c                RCC_GetSYSCLKSource
 .text.RCC_HCLKConfig
                0x000000000800165c       0x14 build/waf.bootloader-NoOS-EMW3166/libraries/STM32F4xx_Peripheral_Libraries.a(stm32f4xx_rcc.o)
                0x000000000800165c                RCC_HCLKConfig
 .text.RCC_PCLK1Config
                0x0000000008001670       0x14 build/waf.bootloader-NoOS-EMW3166/libraries/STM32F4xx_Peripheral_Libraries.a(stm32f4xx_rcc.o)
                0x0000000008001670                RCC_PCLK1Config
 .text.RCC_PCLK2Config
                0x0000000008001684       0x14 build/waf.bootloader-NoOS-EMW3166/libraries/STM32F4xx_Peripheral_Libraries.a(stm32f4xx_rcc.o)
                0x0000000008001684                RCC_PCLK2Config
 .text.RCC_APB1PeriphClockCmd
                0x0000000008001698       0x18 build/waf.bootloader-NoOS-EMW3166/libraries/STM32F4xx_Peripheral_Libraries.a(stm32f4xx_rcc.o)
                0x0000000008001698                RCC_APB1PeriphClockCmd
 .text.RCC_APB2PeriphClockCmd
                0x00000000080016b0       0x18 build/waf.bootloader-NoOS-EMW3166/libraries/STM32F4xx_Peripheral_Libraries.a(stm32f4xx_rcc.o)
                0x00000000080016b0                RCC_APB2PeriphClockCmd
 .text.RCC_APB1PeriphResetCmd
                0x00000000080016c8       0x18 build/waf.bootloader-NoOS-EMW3166/libraries/STM32F4xx_Peripheral_Libraries.a(stm32f4xx_rcc.o)
                0x00000000080016c8                RCC_APB1PeriphResetCmd
 .text.RCC_GetFlagStatus
                0x00000000080016e0       0x28 build/waf.bootloader-NoOS-EMW3166/libraries/STM32F4xx_Peripheral_Libraries.a(stm32f4xx_rcc.o)
                0x00000000080016e0                RCC_GetFlagStatus
 .text.RCC_WaitForHSEStartUp
                0x0000000008001708       0x30 build/waf.bootloader-NoOS-EMW3166/libraries/STM32F4xx_Peripheral_Libraries.a(stm32f4xx_rcc.o)
                0x0000000008001708                RCC_WaitForHSEStartUp
 .text.TIM_TimeBaseInit
                0x0000000008001738       0x7c build/waf.bootloader-NoOS-EMW3166/libraries/STM32F4xx_Peripheral_Libraries.a(stm32f4xx_tim.o)
                0x0000000008001738                TIM_TimeBaseInit
 .text.TIM_UpdateRequestConfig
                0x00000000080017b4       0x16 build/waf.bootloader-NoOS-EMW3166/libraries/STM32F4xx_Peripheral_Libraries.a(stm32f4xx_tim.o)
                0x00000000080017b4                TIM_UpdateRequestConfig
 .text.TIM_Cmd  0x00000000080017ca       0x16 build/waf.bootloader-NoOS-EMW3166/libraries/STM32F4xx_Peripheral_Libraries.a(stm32f4xx_tim.o)
                0x00000000080017ca                TIM_Cmd
 .text.TIM_ITConfig
                0x00000000080017e0       0x10 build/waf.bootloader-NoOS-EMW3166/libraries/STM32F4xx_Peripheral_Libraries.a(stm32f4xx_tim.o)
                0x00000000080017e0                TIM_ITConfig
 .text.TIM_ClearITPendingBit
                0x00000000080017f0        0x8 build/waf.bootloader-NoOS-EMW3166/libraries/STM32F4xx_Peripheral_Libraries.a(stm32f4xx_tim.o)
                0x00000000080017f0                TIM_ClearITPendingBit
 .text.crc32    0x00000000080017f8       0x24 build/waf.bootloader-NoOS-EMW3166/libraries/Lib_crc.a(crc.o)
                0x00000000080017f8                crc32
 .text.sflash_read_status_register
                0x000000000800181c       0x1a build/waf.bootloader-NoOS-EMW3166/libraries/Lib_SPI_Flash_Library_EMW3166.a(spi_flash.o)
                0x000000000800181c                sflash_read_status_register
 *fill*         0x0000000008001836        0x2 
 .text.generic_sflash_command
                0x0000000008001838       0x74 build/waf.bootloader-NoOS-EMW3166/libraries/Lib_SPI_Flash_Library_EMW3166.a(spi_flash.o)
 .text.sflash_read_ID
                0x00000000080018ac       0x1a build/waf.bootloader-NoOS-EMW3166/libraries/Lib_SPI_Flash_Library_EMW3166.a(spi_flash.o)
                0x00000000080018ac                sflash_read_ID
 .text.sflash_read
                0x00000000080018c6       0x2a build/waf.bootloader-NoOS-EMW3166/libraries/Lib_SPI_Flash_Library_EMW3166.a(spi_flash.o)
                0x00000000080018c6                sflash_read
 .text.sflash_write_status_register
                0x00000000080018f0       0x40 build/waf.bootloader-NoOS-EMW3166/libraries/Lib_SPI_Flash_Library_EMW3166.a(spi_flash.o)
                0x00000000080018f0                sflash_write_status_register
 .text.sflash_write_enable
                0x0000000008001930       0x58 build/waf.bootloader-NoOS-EMW3166/libraries/Lib_SPI_Flash_Library_EMW3166.a(spi_flash.o)
                0x0000000008001930                sflash_write_enable
 .text.deinit_sflash
                0x0000000008001988        0x4 build/waf.bootloader-NoOS-EMW3166/libraries/Lib_SPI_Flash_Library_EMW3166.a(spi_flash.o)
                0x0000000008001988                deinit_sflash
 .text.init_sflash
                0x000000000800198c       0x42 build/waf.bootloader-NoOS-EMW3166/libraries/Lib_SPI_Flash_Library_EMW3166.a(spi_flash.o)
                0x000000000800198c                init_sflash
 .text.sflash_platform_init
                0x00000000080019ce        0x6 build/waf.bootloader-NoOS-EMW3166/libraries/Lib_SPI_Flash_Library_EMW3166.a(spi_flash_wiced.o)
                0x00000000080019ce                sflash_platform_init
 .text.sflash_platform_send_recv
                0x00000000080019d4        0x6 build/waf.bootloader-NoOS-EMW3166/libraries/Lib_SPI_Flash_Library_EMW3166.a(spi_flash_wiced.o)
                0x00000000080019d4                sflash_platform_send_recv
 .text.sflash_platform_deinit
                0x00000000080019da        0x6 build/waf.bootloader-NoOS-EMW3166/libraries/Lib_SPI_Flash_Library_EMW3166.a(spi_flash_wiced.o)
                0x00000000080019da                sflash_platform_deinit
 .text.memcmp   0x00000000080019e0       0x64 /home/marcelo/Documents/WICED-Studio-6.2/43xxx_Wi-Fi/tools/ARM_GNU/Linux64/bin/../lib/gcc/arm-none-eabi/7.2.1/../../../../arm-none-eabi/lib/thumb/v7e-m/libc.a(lib_a-memcmp.o)
                0x00000000080019e0                memcmp
 .text          0x0000000008001a44      0x134 /home/marcelo/Documents/WICED-Studio-6.2/43xxx_Wi-Fi/tools/ARM_GNU/Linux64/bin/../lib/gcc/arm-none-eabi/7.2.1/../../../../arm-none-eabi/lib/thumb/v7e-m/libc.a(lib_a-memcpy.o)
                0x0000000008001a44                memcpy
 .text.memset   0x0000000008001b78       0x94 /home/marcelo/Documents/WICED-Studio-6.2/43xxx_Wi-Fi/tools/ARM_GNU/Linux64/bin/../lib/gcc/arm-none-eabi/7.2.1/../../../../arm-none-eabi/lib/thumb/v7e-m/libc.a(lib_a-memset.o)
                0x0000000008001b78                memset
                0x0000000008001c0c                link_code_end = .
                0x0000000008001c0c                . = ALIGN (0x4)
                0x0000000008001c0c                link_const_variable_data_location = .
 *(.rodata .rodata.* .gnu.linkonce.r.*)
 .rodata.DCT_section_offsets
                0x0000000008001c0c       0x34 build/waf.bootloader-NoOS-EMW3166/libraries/STM32F4xx.a(wiced_dct_internal_common.o)
 .rodata.crc32_table
                0x0000000008001c40      0x400 build/waf.bootloader-NoOS-EMW3166/libraries/Lib_crc.a(crc.o)
                0x0000000008002040                link_const_variable_data_end = .
                0x0000000008002040                . = ALIGN (0x4)
                0x0000000008002040                link_constructors_location = .
 *(.preinit_array)
 *(.init_array)
 *crtbegin.o(.ctors)
 *(EXCLUDE_FILE(*crtend.o) .ctors)
 *(SORT_BY_NAME(.ctors.*))
 *crtend.o(.ctors)
                0x0000000008002040                link_constructors_end = .
                0x0000000008002040                . = ALIGN (0x4)
                0x0000000008002040                link_destructors_location = .
 *crtbegin.o(.dtors)
 *(EXCLUDE_FILE(*crtend.o) .dtors)
 *(SORT_BY_NAME(.dtors.*))
 *crtend.o(.dtors)
                0x0000000008002040                link_destructors_end = .
                0x0000000008002040                . = ALIGN (0x10)

.iplt           0x0000000008002040        0x0
 .iplt          0x0000000008002040        0x0 build/waf.bootloader-NoOS-EMW3166/Modules/./WICED/platform/MCU/STM32F4xx/../../ARM_CM4/crt0_GCC.o

.rel.dyn        0x0000000008002040        0x0
 .rel.iplt      0x0000000008002040        0x0 build/waf.bootloader-NoOS-EMW3166/Modules/./WICED/platform/MCU/STM32F4xx/../../ARM_CM4/crt0_GCC.o

.ARM.exidx      0x0000000008002040        0x0
                0x0000000008002040                __exidx_start = ALIGN (0x4)
 *(.ARM.exidx* .gnu.linkonce.armexidx.*)
                0x0000000008002040                __exidx_end = .

.ARM.extab      0x0000000008002040        0x0
                0x0000000008002040                __extab_start = ALIGN (0x4)
 *(.ARM.extab*)
                0x0000000008002040                __extab_end = .

.fast           0x000000002001bc00        0x0 load address 0x0000000008002040
                0x0000000008002040                link_run_from_ram_code_flash_location = LOADADDR (.fast)
                0x000000002001bc00                link_run_from_ram_code_ram_location = .
 *(.fast .fast.* .text.fastcode)
                0x000000002001bc00                link_run_from_ram_code_ram_end = .

.data           0x000000002001bc00        0x0 load address 0x0000000008002040
                0x0000000008002040                link_global_data_initial_values = LOADADDR (.data)
                0x000000002001bc00                link_global_data_start = .
 *(.data*)
                0x000000002001bc00                link_global_data_end = .
                0x000000002001bc00                . = ALIGN (., 0x4)

.igot.plt       0x000000002001bc00        0x0 load address 0x0000000008002040
 .igot.plt      0x000000002001bc00        0x0 build/waf.bootloader-NoOS-EMW3166/Modules/./WICED/platform/MCU/STM32F4xx/../../ARM_CM4/crt0_GCC.o

.startup_globals
                0x000000002001bc00        0x4
                0x000000002001bc00                startup_globals_location = ALIGN (., 0x4)
 *(.bss.noos_total_time)
 .bss.noos_total_time
                0x000000002001bc00        0x4 build/waf.bootloader-NoOS-EMW3166/libraries/WWD_NoOS_Interface.a(noos.o)
                0x000000002001bc00                noos_total_time
                0x000000002001bc04                startup_globals_end = .

.bss            0x000000002001bc04       0xe9
                0x000000002001bc04                . = ALIGN (0x4)
                0x000000002001bc04                link_bss_location = .
 *(.bss*)
 .bss.platform_uart_drivers
                0x000000002001bc04       0x18 build/waf.bootloader-NoOS-EMW3166/libraries/Platform_EMW3166.a(platform.o)
                0x000000002001bc04                platform_uart_drivers
 .bss.gpio_irq_data
                0x000000002001bc1c       0xc0 build/waf.bootloader-NoOS-EMW3166/libraries/STM32F4xx_Peripheral_Drivers.a(platform_gpio.o)
 .bss.audio_in_i2s_half_transfer_callBack
                0x000000002001bcdc        0x4 build/waf.bootloader-NoOS-EMW3166/libraries/STM32F4xx_Peripheral_Drivers.a(logan_audio_in_i2s.o)
 .bss.audio_in_i2s_transfer_complete_callBack
                0x000000002001bce0        0x4 build/waf.bootloader-NoOS-EMW3166/libraries/STM32F4xx_Peripheral_Drivers.a(logan_audio_in_i2s.o)
 .bss.audio_out_i2s_half_transfer_callBack
                0x000000002001bce4        0x4 build/waf.bootloader-NoOS-EMW3166/libraries/STM32F4xx_Peripheral_Drivers.a(logan_audio_out_i2s.o)
 .bss.audio_out_i2s_transfer_complete_callBack
                0x000000002001bce8        0x4 build/waf.bootloader-NoOS-EMW3166/libraries/STM32F4xx_Peripheral_Drivers.a(logan_audio_out_i2s.o)
 .bss.playing   0x000000002001bcec        0x1 build/waf.bootloader-NoOS-EMW3166/libraries/STM32F4xx_Peripheral_Drivers.a(logan_audio_out_i2s.o)
 *(COMMON)
                0x000000002001bcf0                link_bss_end = ALIGN (0x4)

.stack          0x000000002001bced     0x1f40
                0x000000002001bced                link_stack_location = ALIGN (., 0x4)
 *(.stack)
                0x000000002001dc2d                . = ALIGN (MAX ((link_stack_location + __STACKSIZE__), .), 0x4)
 *fill*         0x000000002001bced     0x1f40 
                0x000000002001dc2d                link_stack_end = .

/DISCARD/
 *(.ARM.attributes*)
 *(.comment)
 *(.init)
 *(.preinit)
 *(.fini)
 *(.fini_array)
 *(.ARM.exidx*)
 *(.gnu.linkonce.armexidx.*)
 *(.eh_frame_hdr)
 *(.eh_frame)
 *(.gnu.linkonce.armextab.*)
 *(.v4_bx)
 *(.vfp11_veneer)
 *(.gcc_except_table)
 *(.eh_frame_hdr)
 *(.eh_frame)
 *(.glue*)
                0x000000002001dc2d                PROVIDE (_heap, link_stack_end)
                0x000000002003fff8                PROVIDE (_eheap, ALIGN (((ORIGIN (SRAM) + LENGTH (SRAM)) - 0x8), 0x8))
                0x0000000008004000                PROVIDE (dct1_start_addr_loc, ORIGIN (DCT1_FLASH))
                0x0000000000004000                PROVIDE (dct1_size_loc, LENGTH (DCT1_FLASH))
                0x0000000008008000                PROVIDE (dct2_start_addr_loc, ORIGIN (DCT2_FLASH))
                [!provide]                        PROVIDE (dct2_size_loc, LENGTH (DCT2_FLASH))
                0x000000000800c000                PROVIDE (app_code_start_addr_loc, ORIGIN (APP_CODE))
                0x0000000020000000                PROVIDE (sram_start_addr_loc, ORIGIN (SRAM))
                [!provide]                        PROVIDE (sram_size_loc, LENGTH (SRAM))
                [!provide]                        PROVIDE (__RAM_segment_used_end__, link_stack_end)
                [!provide]                        PROVIDE (__tx_free_memory_start, link_stack_end)
                [!provide]                        PROVIDE (__tx_vectors, link_interrupt_vectors_location)
                [!provide]                        PROVIDE (shared_api_addr_loc, ORIGIN (SHARED_API))
START GROUP
LOAD build/waf.bootloader-NoOS-EMW3166/Modules/./WICED/platform/MCU/STM32F4xx/../../ARM_CM4/crt0_GCC.o
LOAD build/waf.bootloader-NoOS-EMW3166/Modules/./WICED/platform/MCU/STM32F4xx/../../ARM_CM4/hardfault_handler.o
LOAD build/waf.bootloader-NoOS-EMW3166/Modules/./WICED/platform/MCU/STM32F4xx/platform_vector_table.o
LOAD build/waf.bootloader-NoOS-EMW3166/Modules/WICED/platform/GCC/mem_newlib.o
LOAD build/waf.bootloader-NoOS-EMW3166/Modules/WICED/platform/GCC/time_newlib.o
LOAD build/waf.bootloader-NoOS-EMW3166/Modules/WICED/platform/GCC/stdio_newlib.o
LOAD build/waf.bootloader-NoOS-EMW3166/libraries/App_WICED_Bootloader_EMW3166.a
LOAD build/waf.bootloader-NoOS-EMW3166/libraries/Platform_EMW3166.a
LOAD build/waf.bootloader-NoOS-EMW3166/libraries/WICED.a
LOAD build/waf.bootloader-NoOS-EMW3166/libraries/Lib_Wiced_RO_FS.a
LOAD build/waf.bootloader-NoOS-EMW3166/libraries/Lib_crc.a
LOAD build/waf.bootloader-NoOS-EMW3166/libraries/WWD_NoOS_Interface.a
LOAD build/waf.bootloader-NoOS-EMW3166/libraries/Lib_SPI_Flash_Library_EMW3166.a
LOAD build/waf.bootloader-NoOS-EMW3166/libraries/STM32F4xx.a
LOAD build/waf.bootloader-NoOS-EMW3166/libraries/common_GCC.a
LOAD build/waf.bootloader-NoOS-EMW3166/libraries/STM32F4xx_Peripheral_Drivers.a
LOAD build/waf.bootloader-NoOS-EMW3166/libraries/Lib_Ring_Buffer.a
LOAD build/waf.bootloader-NoOS-EMW3166/libraries/STM32F4xx_Peripheral_Libraries.a
END GROUP
                0x0000000000001f40                __STACKSIZE__ = 0x1f40
LOAD /home/marcelo/Documents/WICED-Studio-6.2/43xxx_Wi-Fi/tools/ARM_GNU/Linux64/bin/../lib/gcc/arm-none-eabi/7.2.1/../../../../arm-none-eabi/lib/thumb/v7e-m/libstdc++.a
LOAD /home/marcelo/Documents/WICED-Studio-6.2/43xxx_Wi-Fi/tools/ARM_GNU/Linux64/bin/../lib/gcc/arm-none-eabi/7.2.1/../../../../arm-none-eabi/lib/thumb/v7e-m/libm.a
START GROUP
LOAD /home/marcelo/Documents/WICED-Studio-6.2/43xxx_Wi-Fi/tools/ARM_GNU/Linux64/bin/../lib/gcc/arm-none-eabi/7.2.1/thumb/v7e-m/libgcc.a
LOAD /home/marcelo/Documents/WICED-Studio-6.2/43xxx_Wi-Fi/tools/ARM_GNU/Linux64/bin/../lib/gcc/arm-none-eabi/7.2.1/../../../../arm-none-eabi/lib/thumb/v7e-m/libc.a
END GROUP
OUTPUT(build/waf.bootloader-NoOS-EMW3166/binary/waf.bootloader-NoOS-EMW3166.elf elf32-littlearm)

.debug_info     0x0000000000000000    0x21edf
 .debug_info    0x0000000000000000      0xddd build/waf.bootloader-NoOS-EMW3166/Modules/./WICED/platform/MCU/STM32F4xx/../../ARM_CM4/crt0_GCC.o
 .debug_info    0x0000000000000ddd       0xeb build/waf.bootloader-NoOS-EMW3166/Modules/./WICED/platform/MCU/STM32F4xx/platform_vector_table.o
 .debug_info    0x0000000000000ec8      0xc8b build/waf.bootloader-NoOS-EMW3166/libraries/App_WICED_Bootloader_EMW3166.a(bootloader.o)
 .debug_info    0x0000000000001b53     0x1ee1 build/waf.bootloader-NoOS-EMW3166/libraries/Platform_EMW3166.a(platform.o)
 .debug_info    0x0000000000003a34      0x9a4 build/waf.bootloader-NoOS-EMW3166/libraries/WWD_NoOS_Interface.a(wwd_rtos.o)
 .debug_info    0x00000000000043d8      0x7ce build/waf.bootloader-NoOS-EMW3166/libraries/WWD_NoOS_Interface.a(noos.o)
 .debug_info    0x0000000000004ba6     0x2080 build/waf.bootloader-NoOS-EMW3166/libraries/STM32F4xx.a(wiced_waf_common.o)
 .debug_info    0x0000000000006c26      0xaa7 build/waf.bootloader-NoOS-EMW3166/libraries/STM32F4xx.a(platform_init.o)
 .debug_info    0x00000000000076cd      0x42a build/waf.bootloader-NoOS-EMW3166/libraries/STM32F4xx.a(platform_unhandled_isr.o)
 .debug_info    0x0000000000007af7     0x1c51 build/waf.bootloader-NoOS-EMW3166/libraries/STM32F4xx.a(waf_platform.o)
 .debug_info    0x0000000000009748     0x3cba build/waf.bootloader-NoOS-EMW3166/libraries/STM32F4xx.a(wiced_dct_internal_common.o)
 .debug_info    0x000000000000d402     0x18df build/waf.bootloader-NoOS-EMW3166/libraries/STM32F4xx.a(wiced_dct_update.o)
 .debug_info    0x000000000000ece1     0x251e build/waf.bootloader-NoOS-EMW3166/libraries/STM32F4xx.a(wiced_apps_common.o)
 .debug_info    0x00000000000111ff     0x1c7e build/waf.bootloader-NoOS-EMW3166/libraries/STM32F4xx_Peripheral_Drivers.a(platform_gpio.o)
 .debug_info    0x0000000000012e7d     0x1759 build/waf.bootloader-NoOS-EMW3166/libraries/STM32F4xx_Peripheral_Drivers.a(logan_audio_in_i2s.o)
 .debug_info    0x00000000000145d6     0x18d2 build/waf.bootloader-NoOS-EMW3166/libraries/STM32F4xx_Peripheral_Drivers.a(logan_audio_out_i2s.o)
 .debug_info    0x0000000000015ea8     0x270f build/waf.bootloader-NoOS-EMW3166/libraries/STM32F4xx_Peripheral_Drivers.a(platform_uart.o)
 .debug_info    0x00000000000185b7     0x160c build/waf.bootloader-NoOS-EMW3166/libraries/STM32F4xx_Peripheral_Drivers.a(platform_watchdog.o)
 .debug_info    0x0000000000019bc3     0x174a build/waf.bootloader-NoOS-EMW3166/libraries/Lib_Ring_Buffer.a(ring_buffer.o)
 .debug_info    0x000000000001b30d      0x549 build/waf.bootloader-NoOS-EMW3166/libraries/STM32F4xx_Peripheral_Libraries.a(misc.o)
 .debug_info    0x000000000001b856      0x72f build/waf.bootloader-NoOS-EMW3166/libraries/STM32F4xx_Peripheral_Libraries.a(stm32f4xx_dma.o)
 .debug_info    0x000000000001bf85      0xa36 build/waf.bootloader-NoOS-EMW3166/libraries/STM32F4xx_Peripheral_Libraries.a(stm32f4xx_flash.o)
 .debug_info    0x000000000001c9bb      0x212 build/waf.bootloader-NoOS-EMW3166/libraries/STM32F4xx_Peripheral_Libraries.a(stm32f4xx_iwdg.o)
 .debug_info    0x000000000001cbcd      0xf2a build/waf.bootloader-NoOS-EMW3166/libraries/STM32F4xx_Peripheral_Libraries.a(stm32f4xx_rcc.o)
 .debug_info    0x000000000001daf7     0x200c build/waf.bootloader-NoOS-EMW3166/libraries/STM32F4xx_Peripheral_Libraries.a(stm32f4xx_tim.o)
 .debug_info    0x000000000001fb03      0x21f build/waf.bootloader-NoOS-EMW3166/libraries/Lib_crc.a(crc.o)
 .debug_info    0x000000000001fd22     0x1695 build/waf.bootloader-NoOS-EMW3166/libraries/Lib_SPI_Flash_Library_EMW3166.a(spi_flash.o)
 .debug_info    0x00000000000213b7      0xb28 build/waf.bootloader-NoOS-EMW3166/libraries/Lib_SPI_Flash_Library_EMW3166.a(spi_flash_wiced.o)

.debug_abbrev   0x0000000000000000     0x48fc
 .debug_abbrev  0x0000000000000000      0x253 build/waf.bootloader-NoOS-EMW3166/Modules/./WICED/platform/MCU/STM32F4xx/../../ARM_CM4/crt0_GCC.o
 .debug_abbrev  0x0000000000000253       0x8d build/waf.bootloader-NoOS-EMW3166/Modules/./WICED/platform/MCU/STM32F4xx/platform_vector_table.o
 .debug_abbrev  0x00000000000002e0      0x2c1 build/waf.bootloader-NoOS-EMW3166/libraries/App_WICED_Bootloader_EMW3166.a(bootloader.o)
 .debug_abbrev  0x00000000000005a1      0x348 build/waf.bootloader-NoOS-EMW3166/libraries/Platform_EMW3166.a(platform.o)
 .debug_abbrev  0x00000000000008e9      0x278 build/waf.bootloader-NoOS-EMW3166/libraries/WWD_NoOS_Interface.a(wwd_rtos.o)
 .debug_abbrev  0x0000000000000b61      0x1ac build/waf.bootloader-NoOS-EMW3166/libraries/WWD_NoOS_Interface.a(noos.o)
 .debug_abbrev  0x0000000000000d0d      0x3b9 build/waf.bootloader-NoOS-EMW3166/libraries/STM32F4xx.a(wiced_waf_common.o)
 .debug_abbrev  0x00000000000010c6      0x28c build/waf.bootloader-NoOS-EMW3166/libraries/STM32F4xx.a(platform_init.o)
 .debug_abbrev  0x0000000000001352      0x11f build/waf.bootloader-NoOS-EMW3166/libraries/STM32F4xx.a(platform_unhandled_isr.o)
 .debug_abbrev  0x0000000000001471      0x39d build/waf.bootloader-NoOS-EMW3166/libraries/STM32F4xx.a(waf_platform.o)
 .debug_abbrev  0x000000000000180e      0x410 build/waf.bootloader-NoOS-EMW3166/libraries/STM32F4xx.a(wiced_dct_internal_common.o)
 .debug_abbrev  0x0000000000001c1e      0x211 build/waf.bootloader-NoOS-EMW3166/libraries/STM32F4xx.a(wiced_dct_update.o)
 .debug_abbrev  0x0000000000001e2f      0x438 build/waf.bootloader-NoOS-EMW3166/libraries/STM32F4xx.a(wiced_apps_common.o)
 .debug_abbrev  0x0000000000002267      0x3bb build/waf.bootloader-NoOS-EMW3166/libraries/STM32F4xx_Peripheral_Drivers.a(platform_gpio.o)
 .debug_abbrev  0x0000000000002622      0x351 build/waf.bootloader-NoOS-EMW3166/libraries/STM32F4xx_Peripheral_Drivers.a(logan_audio_in_i2s.o)
 .debug_abbrev  0x0000000000002973      0x35f build/waf.bootloader-NoOS-EMW3166/libraries/STM32F4xx_Peripheral_Drivers.a(logan_audio_out_i2s.o)
 .debug_abbrev  0x0000000000002cd2      0x439 build/waf.bootloader-NoOS-EMW3166/libraries/STM32F4xx_Peripheral_Drivers.a(platform_uart.o)
 .debug_abbrev  0x000000000000310b      0x332 build/waf.bootloader-NoOS-EMW3166/libraries/STM32F4xx_Peripheral_Drivers.a(platform_watchdog.o)
 .debug_abbrev  0x000000000000343d      0x246 build/waf.bootloader-NoOS-EMW3166/libraries/Lib_Ring_Buffer.a(ring_buffer.o)
 .debug_abbrev  0x0000000000003683      0x183 build/waf.bootloader-NoOS-EMW3166/libraries/STM32F4xx_Peripheral_Libraries.a(misc.o)
 .debug_abbrev  0x0000000000003806      0x1b3 build/waf.bootloader-NoOS-EMW3166/libraries/STM32F4xx_Peripheral_Libraries.a(stm32f4xx_dma.o)
 .debug_abbrev  0x00000000000039b9      0x246 build/waf.bootloader-NoOS-EMW3166/libraries/STM32F4xx_Peripheral_Libraries.a(stm32f4xx_flash.o)
 .debug_abbrev  0x0000000000003bff      0x13f build/waf.bootloader-NoOS-EMW3166/libraries/STM32F4xx_Peripheral_Libraries.a(stm32f4xx_iwdg.o)
 .debug_abbrev  0x0000000000003d3e      0x1f7 build/waf.bootloader-NoOS-EMW3166/libraries/STM32F4xx_Peripheral_Libraries.a(stm32f4xx_rcc.o)
 .debug_abbrev  0x0000000000003f35      0x2c9 build/waf.bootloader-NoOS-EMW3166/libraries/STM32F4xx_Peripheral_Libraries.a(stm32f4xx_tim.o)
 .debug_abbrev  0x00000000000041fe      0x105 build/waf.bootloader-NoOS-EMW3166/libraries/Lib_crc.a(crc.o)
 .debug_abbrev  0x0000000000004303      0x3f0 build/waf.bootloader-NoOS-EMW3166/libraries/Lib_SPI_Flash_Library_EMW3166.a(spi_flash.o)
 .debug_abbrev  0x00000000000046f3      0x209 build/waf.bootloader-NoOS-EMW3166/libraries/Lib_SPI_Flash_Library_EMW3166.a(spi_flash_wiced.o)

.debug_loc      0x0000000000000000     0x768e
 .debug_loc     0x0000000000000000       0x1f build/waf.bootloader-NoOS-EMW3166/Modules/./WICED/platform/MCU/STM32F4xx/../../ARM_CM4/crt0_GCC.o
 .debug_loc     0x000000000000001f       0x8d build/waf.bootloader-NoOS-EMW3166/libraries/App_WICED_Bootloader_EMW3166.a(bootloader.o)
 .debug_loc     0x00000000000000ac      0x2d9 build/waf.bootloader-NoOS-EMW3166/libraries/Platform_EMW3166.a(platform.o)
 .debug_loc     0x0000000000000385      0x1f7 build/waf.bootloader-NoOS-EMW3166/libraries/WWD_NoOS_Interface.a(wwd_rtos.o)
 .debug_loc     0x000000000000057c      0x11f build/waf.bootloader-NoOS-EMW3166/libraries/WWD_NoOS_Interface.a(noos.o)
 .debug_loc     0x000000000000069b      0x545 build/waf.bootloader-NoOS-EMW3166/libraries/STM32F4xx.a(wiced_waf_common.o)
 .debug_loc     0x0000000000000be0       0x46 build/waf.bootloader-NoOS-EMW3166/libraries/STM32F4xx.a(platform_init.o)
 .debug_loc     0x0000000000000c26      0x377 build/waf.bootloader-NoOS-EMW3166/libraries/STM32F4xx.a(waf_platform.o)
 .debug_loc     0x0000000000000f9d      0xdef build/waf.bootloader-NoOS-EMW3166/libraries/STM32F4xx.a(wiced_dct_internal_common.o)
 .debug_loc     0x0000000000001d8c       0x74 build/waf.bootloader-NoOS-EMW3166/libraries/STM32F4xx.a(wiced_dct_update.o)
 .debug_loc     0x0000000000001e00      0xa2d build/waf.bootloader-NoOS-EMW3166/libraries/STM32F4xx.a(wiced_apps_common.o)
 .debug_loc     0x000000000000282d      0x666 build/waf.bootloader-NoOS-EMW3166/libraries/STM32F4xx_Peripheral_Drivers.a(platform_gpio.o)
 .debug_loc     0x0000000000002e93       0xe3 build/waf.bootloader-NoOS-EMW3166/libraries/STM32F4xx_Peripheral_Drivers.a(logan_audio_in_i2s.o)
 .debug_loc     0x0000000000002f76       0xe2 build/waf.bootloader-NoOS-EMW3166/libraries/STM32F4xx_Peripheral_Drivers.a(logan_audio_out_i2s.o)
 .debug_loc     0x0000000000003058      0x7c7 build/waf.bootloader-NoOS-EMW3166/libraries/STM32F4xx_Peripheral_Drivers.a(platform_uart.o)
 .debug_loc     0x000000000000381f       0x14 build/waf.bootloader-NoOS-EMW3166/libraries/STM32F4xx_Peripheral_Drivers.a(platform_watchdog.o)
 .debug_loc     0x0000000000003833      0x265 build/waf.bootloader-NoOS-EMW3166/libraries/Lib_Ring_Buffer.a(ring_buffer.o)
 .debug_loc     0x0000000000003a98      0x129 build/waf.bootloader-NoOS-EMW3166/libraries/STM32F4xx_Peripheral_Libraries.a(misc.o)
 .debug_loc     0x0000000000003bc1      0x400 build/waf.bootloader-NoOS-EMW3166/libraries/STM32F4xx_Peripheral_Libraries.a(stm32f4xx_dma.o)
 .debug_loc     0x0000000000003fc1      0x74d build/waf.bootloader-NoOS-EMW3166/libraries/STM32F4xx_Peripheral_Libraries.a(stm32f4xx_flash.o)
 .debug_loc     0x000000000000470e       0x62 build/waf.bootloader-NoOS-EMW3166/libraries/STM32F4xx_Peripheral_Libraries.a(stm32f4xx_iwdg.o)
 .debug_loc     0x0000000000004770      0xc7b build/waf.bootloader-NoOS-EMW3166/libraries/STM32F4xx_Peripheral_Libraries.a(stm32f4xx_rcc.o)
 .debug_loc     0x00000000000053eb     0x1924 build/waf.bootloader-NoOS-EMW3166/libraries/STM32F4xx_Peripheral_Libraries.a(stm32f4xx_tim.o)
 .debug_loc     0x0000000000006d0f      0x163 build/waf.bootloader-NoOS-EMW3166/libraries/Lib_crc.a(crc.o)
 .debug_loc     0x0000000000006e72      0x7da build/waf.bootloader-NoOS-EMW3166/libraries/Lib_SPI_Flash_Library_EMW3166.a(spi_flash.o)
 .debug_loc     0x000000000000764c       0x42 build/waf.bootloader-NoOS-EMW3166/libraries/Lib_SPI_Flash_Library_EMW3166.a(spi_flash_wiced.o)

.debug_aranges  0x0000000000000000      0xda0
 .debug_aranges
                0x0000000000000000       0x28 build/waf.bootloader-NoOS-EMW3166/Modules/./WICED/platform/MCU/STM32F4xx/../../ARM_CM4/crt0_GCC.o
 .debug_aranges
                0x0000000000000028       0x18 build/waf.bootloader-NoOS-EMW3166/Modules/./WICED/platform/MCU/STM32F4xx/platform_vector_table.o
 .debug_aranges
                0x0000000000000040       0x20 build/waf.bootloader-NoOS-EMW3166/libraries/App_WICED_Bootloader_EMW3166.a(bootloader.o)
 .debug_aranges
                0x0000000000000060       0x50 build/waf.bootloader-NoOS-EMW3166/libraries/Platform_EMW3166.a(platform.o)
 .debug_aranges
                0x00000000000000b0       0x68 build/waf.bootloader-NoOS-EMW3166/libraries/WWD_NoOS_Interface.a(wwd_rtos.o)
 .debug_aranges
                0x0000000000000118       0x38 build/waf.bootloader-NoOS-EMW3166/libraries/WWD_NoOS_Interface.a(noos.o)
 .debug_aranges
                0x0000000000000150       0x88 build/waf.bootloader-NoOS-EMW3166/libraries/STM32F4xx.a(wiced_waf_common.o)
 .debug_aranges
                0x00000000000001d8       0x40 build/waf.bootloader-NoOS-EMW3166/libraries/STM32F4xx.a(platform_init.o)
 .debug_aranges
                0x0000000000000218       0x20 build/waf.bootloader-NoOS-EMW3166/libraries/STM32F4xx.a(platform_unhandled_isr.o)
 .debug_aranges
                0x0000000000000238       0x40 build/waf.bootloader-NoOS-EMW3166/libraries/STM32F4xx.a(waf_platform.o)
 .debug_aranges
                0x0000000000000278       0x98 build/waf.bootloader-NoOS-EMW3166/libraries/STM32F4xx.a(wiced_dct_internal_common.o)
 .debug_aranges
                0x0000000000000310       0x28 build/waf.bootloader-NoOS-EMW3166/libraries/STM32F4xx.a(wiced_dct_update.o)
 .debug_aranges
                0x0000000000000338       0x50 build/waf.bootloader-NoOS-EMW3166/libraries/STM32F4xx.a(wiced_apps_common.o)
 .debug_aranges
                0x0000000000000388       0x78 build/waf.bootloader-NoOS-EMW3166/libraries/STM32F4xx_Peripheral_Drivers.a(platform_gpio.o)
 .debug_aranges
                0x0000000000000400       0x38 build/waf.bootloader-NoOS-EMW3166/libraries/STM32F4xx_Peripheral_Drivers.a(logan_audio_in_i2s.o)
 .debug_aranges
                0x0000000000000438       0x48 build/waf.bootloader-NoOS-EMW3166/libraries/STM32F4xx_Peripheral_Drivers.a(logan_audio_out_i2s.o)
 .debug_aranges
                0x0000000000000480       0x80 build/waf.bootloader-NoOS-EMW3166/libraries/STM32F4xx_Peripheral_Drivers.a(platform_uart.o)
 .debug_aranges
                0x0000000000000500       0x38 build/waf.bootloader-NoOS-EMW3166/libraries/STM32F4xx_Peripheral_Drivers.a(platform_watchdog.o)
 .debug_aranges
                0x0000000000000538       0x58 build/waf.bootloader-NoOS-EMW3166/libraries/Lib_Ring_Buffer.a(ring_buffer.o)
 .debug_aranges
                0x0000000000000590       0x40 build/waf.bootloader-NoOS-EMW3166/libraries/STM32F4xx_Peripheral_Libraries.a(misc.o)
 .debug_aranges
                0x00000000000005d0       0xa8 build/waf.bootloader-NoOS-EMW3166/libraries/STM32F4xx_Peripheral_Libraries.a(stm32f4xx_dma.o)
 .debug_aranges
                0x0000000000000678      0x140 build/waf.bootloader-NoOS-EMW3166/libraries/STM32F4xx_Peripheral_Libraries.a(stm32f4xx_flash.o)
 .debug_aranges
                0x00000000000007b8       0x48 build/waf.bootloader-NoOS-EMW3166/libraries/STM32F4xx_Peripheral_Libraries.a(stm32f4xx_iwdg.o)
 .debug_aranges
                0x0000000000000800      0x1d0 build/waf.bootloader-NoOS-EMW3166/libraries/STM32F4xx_Peripheral_Libraries.a(stm32f4xx_rcc.o)
 .debug_aranges
                0x00000000000009d0      0x2d8 build/waf.bootloader-NoOS-EMW3166/libraries/STM32F4xx_Peripheral_Libraries.a(stm32f4xx_tim.o)
 .debug_aranges
                0x0000000000000ca8       0x30 build/waf.bootloader-NoOS-EMW3166/libraries/Lib_crc.a(crc.o)
 .debug_aranges
                0x0000000000000cd8       0x98 build/waf.bootloader-NoOS-EMW3166/libraries/Lib_SPI_Flash_Library_EMW3166.a(spi_flash.o)
 .debug_aranges
                0x0000000000000d70       0x30 build/waf.bootloader-NoOS-EMW3166/libraries/Lib_SPI_Flash_Library_EMW3166.a(spi_flash_wiced.o)

.debug_ranges   0x0000000000000000      0xf60
 .debug_ranges  0x0000000000000000       0x18 build/waf.bootloader-NoOS-EMW3166/Modules/./WICED/platform/MCU/STM32F4xx/../../ARM_CM4/crt0_GCC.o
 .debug_ranges  0x0000000000000018       0x10 build/waf.bootloader-NoOS-EMW3166/libraries/App_WICED_Bootloader_EMW3166.a(bootloader.o)
 .debug_ranges  0x0000000000000028       0x40 build/waf.bootloader-NoOS-EMW3166/libraries/Platform_EMW3166.a(platform.o)
 .debug_ranges  0x0000000000000068       0x58 build/waf.bootloader-NoOS-EMW3166/libraries/WWD_NoOS_Interface.a(wwd_rtos.o)
 .debug_ranges  0x00000000000000c0       0x28 build/waf.bootloader-NoOS-EMW3166/libraries/WWD_NoOS_Interface.a(noos.o)
 .debug_ranges  0x00000000000000e8       0xb0 build/waf.bootloader-NoOS-EMW3166/libraries/STM32F4xx.a(wiced_waf_common.o)
 .debug_ranges  0x0000000000000198       0x50 build/waf.bootloader-NoOS-EMW3166/libraries/STM32F4xx.a(platform_init.o)
 .debug_ranges  0x00000000000001e8       0x10 build/waf.bootloader-NoOS-EMW3166/libraries/STM32F4xx.a(platform_unhandled_isr.o)
 .debug_ranges  0x00000000000001f8       0x48 build/waf.bootloader-NoOS-EMW3166/libraries/STM32F4xx.a(waf_platform.o)
 .debug_ranges  0x0000000000000240       0xc8 build/waf.bootloader-NoOS-EMW3166/libraries/STM32F4xx.a(wiced_dct_internal_common.o)
 .debug_ranges  0x0000000000000308       0x18 build/waf.bootloader-NoOS-EMW3166/libraries/STM32F4xx.a(wiced_dct_update.o)
 .debug_ranges  0x0000000000000320      0x170 build/waf.bootloader-NoOS-EMW3166/libraries/STM32F4xx.a(wiced_apps_common.o)
 .debug_ranges  0x0000000000000490       0xb0 build/waf.bootloader-NoOS-EMW3166/libraries/STM32F4xx_Peripheral_Drivers.a(platform_gpio.o)
 .debug_ranges  0x0000000000000540       0x68 build/waf.bootloader-NoOS-EMW3166/libraries/STM32F4xx_Peripheral_Drivers.a(logan_audio_in_i2s.o)
 .debug_ranges  0x00000000000005a8       0x70 build/waf.bootloader-NoOS-EMW3166/libraries/STM32F4xx_Peripheral_Drivers.a(logan_audio_out_i2s.o)
 .debug_ranges  0x0000000000000618      0x108 build/waf.bootloader-NoOS-EMW3166/libraries/STM32F4xx_Peripheral_Drivers.a(platform_uart.o)
 .debug_ranges  0x0000000000000720       0x40 build/waf.bootloader-NoOS-EMW3166/libraries/STM32F4xx_Peripheral_Drivers.a(platform_watchdog.o)
 .debug_ranges  0x0000000000000760       0x48 build/waf.bootloader-NoOS-EMW3166/libraries/Lib_Ring_Buffer.a(ring_buffer.o)
 .debug_ranges  0x00000000000007a8       0x30 build/waf.bootloader-NoOS-EMW3166/libraries/STM32F4xx_Peripheral_Libraries.a(misc.o)
 .debug_ranges  0x00000000000007d8       0x98 build/waf.bootloader-NoOS-EMW3166/libraries/STM32F4xx_Peripheral_Libraries.a(stm32f4xx_dma.o)
 .debug_ranges  0x0000000000000870      0x130 build/waf.bootloader-NoOS-EMW3166/libraries/STM32F4xx_Peripheral_Libraries.a(stm32f4xx_flash.o)
 .debug_ranges  0x00000000000009a0       0x38 build/waf.bootloader-NoOS-EMW3166/libraries/STM32F4xx_Peripheral_Libraries.a(stm32f4xx_iwdg.o)
 .debug_ranges  0x00000000000009d8      0x1c0 build/waf.bootloader-NoOS-EMW3166/libraries/STM32F4xx_Peripheral_Libraries.a(stm32f4xx_rcc.o)
 .debug_ranges  0x0000000000000b98      0x300 build/waf.bootloader-NoOS-EMW3166/libraries/STM32F4xx_Peripheral_Libraries.a(stm32f4xx_tim.o)
 .debug_ranges  0x0000000000000e98       0x20 build/waf.bootloader-NoOS-EMW3166/libraries/Lib_crc.a(crc.o)
 .debug_ranges  0x0000000000000eb8       0x88 build/waf.bootloader-NoOS-EMW3166/libraries/Lib_SPI_Flash_Library_EMW3166.a(spi_flash.o)
 .debug_ranges  0x0000000000000f40       0x20 build/waf.bootloader-NoOS-EMW3166/libraries/Lib_SPI_Flash_Library_EMW3166.a(spi_flash_wiced.o)

.debug_line     0x0000000000000000     0x7e73
 .debug_line    0x0000000000000000      0x347 build/waf.bootloader-NoOS-EMW3166/Modules/./WICED/platform/MCU/STM32F4xx/../../ARM_CM4/crt0_GCC.o
 .debug_line    0x0000000000000347      0x1d4 build/waf.bootloader-NoOS-EMW3166/Modules/./WICED/platform/MCU/STM32F4xx/platform_vector_table.o
 .debug_line    0x000000000000051b      0x345 build/waf.bootloader-NoOS-EMW3166/libraries/App_WICED_Bootloader_EMW3166.a(bootloader.o)
 .debug_line    0x0000000000000860      0x4d6 build/waf.bootloader-NoOS-EMW3166/libraries/Platform_EMW3166.a(platform.o)
 .debug_line    0x0000000000000d36      0x28a build/waf.bootloader-NoOS-EMW3166/libraries/WWD_NoOS_Interface.a(wwd_rtos.o)
 .debug_line    0x0000000000000fc0      0x255 build/waf.bootloader-NoOS-EMW3166/libraries/WWD_NoOS_Interface.a(noos.o)
 .debug_line    0x0000000000001215      0x5c8 build/waf.bootloader-NoOS-EMW3166/libraries/STM32F4xx.a(wiced_waf_common.o)
 .debug_line    0x00000000000017dd      0x428 build/waf.bootloader-NoOS-EMW3166/libraries/STM32F4xx.a(platform_init.o)
 .debug_line    0x0000000000001c05      0x265 build/waf.bootloader-NoOS-EMW3166/libraries/STM32F4xx.a(platform_unhandled_isr.o)
 .debug_line    0x0000000000001e6a      0x519 build/waf.bootloader-NoOS-EMW3166/libraries/STM32F4xx.a(waf_platform.o)
 .debug_line    0x0000000000002383      0x82d build/waf.bootloader-NoOS-EMW3166/libraries/STM32F4xx.a(wiced_dct_internal_common.o)
 .debug_line    0x0000000000002bb0      0x3df build/waf.bootloader-NoOS-EMW3166/libraries/STM32F4xx.a(wiced_dct_update.o)
 .debug_line    0x0000000000002f8f      0x4c1 build/waf.bootloader-NoOS-EMW3166/libraries/STM32F4xx.a(wiced_apps_common.o)
 .debug_line    0x0000000000003450      0x64f build/waf.bootloader-NoOS-EMW3166/libraries/STM32F4xx_Peripheral_Drivers.a(platform_gpio.o)
 .debug_line    0x0000000000003a9f      0x509 build/waf.bootloader-NoOS-EMW3166/libraries/STM32F4xx_Peripheral_Drivers.a(logan_audio_in_i2s.o)
 .debug_line    0x0000000000003fa8      0x573 build/waf.bootloader-NoOS-EMW3166/libraries/STM32F4xx_Peripheral_Drivers.a(logan_audio_out_i2s.o)
 .debug_line    0x000000000000451b      0x7a5 build/waf.bootloader-NoOS-EMW3166/libraries/STM32F4xx_Peripheral_Drivers.a(platform_uart.o)
 .debug_line    0x0000000000004cc0      0x448 build/waf.bootloader-NoOS-EMW3166/libraries/STM32F4xx_Peripheral_Drivers.a(platform_watchdog.o)
 .debug_line    0x0000000000005108      0x2e8 build/waf.bootloader-NoOS-EMW3166/libraries/Lib_Ring_Buffer.a(ring_buffer.o)
 .debug_line    0x00000000000053f0      0x2a2 build/waf.bootloader-NoOS-EMW3166/libraries/STM32F4xx_Peripheral_Libraries.a(misc.o)
 .debug_line    0x0000000000005692      0x453 build/waf.bootloader-NoOS-EMW3166/libraries/STM32F4xx_Peripheral_Libraries.a(stm32f4xx_dma.o)
 .debug_line    0x0000000000005ae5      0x586 build/waf.bootloader-NoOS-EMW3166/libraries/STM32F4xx_Peripheral_Libraries.a(stm32f4xx_flash.o)
 .debug_line    0x000000000000606b      0x264 build/waf.bootloader-NoOS-EMW3166/libraries/STM32F4xx_Peripheral_Libraries.a(stm32f4xx_iwdg.o)
 .debug_line    0x00000000000062cf      0x71b build/waf.bootloader-NoOS-EMW3166/libraries/STM32F4xx_Peripheral_Libraries.a(stm32f4xx_rcc.o)
 .debug_line    0x00000000000069ea      0xb79 build/waf.bootloader-NoOS-EMW3166/libraries/STM32F4xx_Peripheral_Libraries.a(stm32f4xx_tim.o)
 .debug_line    0x0000000000007563      0x16c build/waf.bootloader-NoOS-EMW3166/libraries/Lib_crc.a(crc.o)
 .debug_line    0x00000000000076cf      0x3fe build/waf.bootloader-NoOS-EMW3166/libraries/Lib_SPI_Flash_Library_EMW3166.a(spi_flash.o)
 .debug_line    0x0000000000007acd      0x3a6 build/waf.bootloader-NoOS-EMW3166/libraries/Lib_SPI_Flash_Library_EMW3166.a(spi_flash_wiced.o)

.debug_str      0x0000000000000000     0xb66b
 .debug_str     0x0000000000000000      0x864 build/waf.bootloader-NoOS-EMW3166/Modules/./WICED/platform/MCU/STM32F4xx/../../ARM_CM4/crt0_GCC.o
                                        0x93b (size before relaxing)
 .debug_str     0x0000000000000864       0x5b build/waf.bootloader-NoOS-EMW3166/Modules/./WICED/platform/MCU/STM32F4xx/platform_vector_table.o
                                        0x23b (size before relaxing)
 .debug_str     0x00000000000008bf      0x46c build/waf.bootloader-NoOS-EMW3166/libraries/App_WICED_Bootloader_EMW3166.a(bootloader.o)
                                        0x95e (size before relaxing)
 .debug_str     0x0000000000000d2b      0xf4b build/waf.bootloader-NoOS-EMW3166/libraries/Platform_EMW3166.a(platform.o)
                                       0x188e (size before relaxing)
 .debug_str     0x0000000000001c76      0x5ae build/waf.bootloader-NoOS-EMW3166/libraries/WWD_NoOS_Interface.a(wwd_rtos.o)
                                        0xf4c (size before relaxing)
 .debug_str     0x0000000000002224       0x96 build/waf.bootloader-NoOS-EMW3166/libraries/WWD_NoOS_Interface.a(noos.o)
                                        0x8cd (size before relaxing)
 .debug_str     0x00000000000022ba     0x32bb build/waf.bootloader-NoOS-EMW3166/libraries/STM32F4xx.a(wiced_waf_common.o)
                                       0x3c7c (size before relaxing)
 .debug_str     0x0000000000005575      0x1ac build/waf.bootloader-NoOS-EMW3166/libraries/STM32F4xx.a(platform_init.o)
                                        0xbd6 (size before relaxing)
 .debug_str     0x0000000000005721       0x61 build/waf.bootloader-NoOS-EMW3166/libraries/STM32F4xx.a(platform_unhandled_isr.o)
                                        0x467 (size before relaxing)
 .debug_str     0x0000000000005782      0x20b build/waf.bootloader-NoOS-EMW3166/libraries/STM32F4xx.a(waf_platform.o)
                                       0x3b7d (size before relaxing)
 .debug_str     0x000000000000598d     0x258d build/waf.bootloader-NoOS-EMW3166/libraries/STM32F4xx.a(wiced_dct_internal_common.o)
                                       0x6443 (size before relaxing)
 .debug_str     0x0000000000007f1a       0x33 build/waf.bootloader-NoOS-EMW3166/libraries/STM32F4xx.a(wiced_dct_update.o)
                                       0x38d4 (size before relaxing)
 .debug_str     0x0000000000007f4d      0x36c build/waf.bootloader-NoOS-EMW3166/libraries/STM32F4xx.a(wiced_apps_common.o)
                                       0x3943 (size before relaxing)
 .debug_str     0x00000000000082b9      0x743 build/waf.bootloader-NoOS-EMW3166/libraries/STM32F4xx_Peripheral_Drivers.a(platform_gpio.o)
                                       0x17f3 (size before relaxing)
 .debug_str     0x00000000000089fc      0x3cf build/waf.bootloader-NoOS-EMW3166/libraries/STM32F4xx_Peripheral_Drivers.a(logan_audio_in_i2s.o)
                                       0x136f (size before relaxing)
 .debug_str     0x0000000000008dcb      0x1c7 build/waf.bootloader-NoOS-EMW3166/libraries/STM32F4xx_Peripheral_Drivers.a(logan_audio_out_i2s.o)
                                       0x13de (size before relaxing)
 .debug_str     0x0000000000008f92      0x547 build/waf.bootloader-NoOS-EMW3166/libraries/STM32F4xx_Peripheral_Drivers.a(platform_uart.o)
                                       0x23e7 (size before relaxing)
 .debug_str     0x00000000000094d9      0x1fd build/waf.bootloader-NoOS-EMW3166/libraries/STM32F4xx_Peripheral_Drivers.a(platform_watchdog.o)
                                       0x12ac (size before relaxing)
 .debug_str     0x00000000000096d6      0x106 build/waf.bootloader-NoOS-EMW3166/libraries/Lib_Ring_Buffer.a(ring_buffer.o)
                                       0x3558 (size before relaxing)
 .debug_str     0x00000000000097dc      0x15a build/waf.bootloader-NoOS-EMW3166/libraries/STM32F4xx_Peripheral_Libraries.a(misc.o)
                                        0x450 (size before relaxing)
 .debug_str     0x0000000000009936      0x212 build/waf.bootloader-NoOS-EMW3166/libraries/STM32F4xx_Peripheral_Libraries.a(stm32f4xx_dma.o)
                                        0x5c4 (size before relaxing)
 .debug_str     0x0000000000009b48      0x3a9 build/waf.bootloader-NoOS-EMW3166/libraries/STM32F4xx_Peripheral_Libraries.a(stm32f4xx_flash.o)
                                        0x721 (size before relaxing)
 .debug_str     0x0000000000009ef1       0x92 build/waf.bootloader-NoOS-EMW3166/libraries/STM32F4xx_Peripheral_Libraries.a(stm32f4xx_iwdg.o)
                                        0x2ee (size before relaxing)
 .debug_str     0x0000000000009f83      0x60f build/waf.bootloader-NoOS-EMW3166/libraries/STM32F4xx_Peripheral_Libraries.a(stm32f4xx_rcc.o)
                                        0xa9f (size before relaxing)
 .debug_str     0x000000000000a592      0xa30 build/waf.bootloader-NoOS-EMW3166/libraries/STM32F4xx_Peripheral_Libraries.a(stm32f4xx_tim.o)
                                        0xe80 (size before relaxing)
 .debug_str     0x000000000000afc2       0x5e build/waf.bootloader-NoOS-EMW3166/libraries/Lib_crc.a(crc.o)
                                        0x227 (size before relaxing)
 .debug_str     0x000000000000b020      0x5f8 build/waf.bootloader-NoOS-EMW3166/libraries/Lib_SPI_Flash_Library_EMW3166.a(spi_flash.o)
                                        0xdd0 (size before relaxing)
 .debug_str     0x000000000000b618       0x53 build/waf.bootloader-NoOS-EMW3166/libraries/Lib_SPI_Flash_Library_EMW3166.a(spi_flash_wiced.o)
                                        0x86a (size before relaxing)

.debug_frame    0x0000000000000000     0x2120
 .debug_frame   0x0000000000000000       0x34 build/waf.bootloader-NoOS-EMW3166/Modules/./WICED/platform/MCU/STM32F4xx/../../ARM_CM4/crt0_GCC.o
 .debug_frame   0x0000000000000034       0x2c build/waf.bootloader-NoOS-EMW3166/libraries/App_WICED_Bootloader_EMW3166.a(bootloader.o)
 .debug_frame   0x0000000000000060       0xd0 build/waf.bootloader-NoOS-EMW3166/libraries/Platform_EMW3166.a(platform.o)
 .debug_frame   0x0000000000000130      0x10c build/waf.bootloader-NoOS-EMW3166/libraries/WWD_NoOS_Interface.a(wwd_rtos.o)
 .debug_frame   0x000000000000023c       0x60 build/waf.bootloader-NoOS-EMW3166/libraries/WWD_NoOS_Interface.a(noos.o)
 .debug_frame   0x000000000000029c      0x164 build/waf.bootloader-NoOS-EMW3166/libraries/STM32F4xx.a(wiced_waf_common.o)
 .debug_frame   0x0000000000000400       0x88 build/waf.bootloader-NoOS-EMW3166/libraries/STM32F4xx.a(platform_init.o)
 .debug_frame   0x0000000000000488       0x2c build/waf.bootloader-NoOS-EMW3166/libraries/STM32F4xx.a(platform_unhandled_isr.o)
 .debug_frame   0x00000000000004b4       0x98 build/waf.bootloader-NoOS-EMW3166/libraries/STM32F4xx.a(waf_platform.o)
 .debug_frame   0x000000000000054c      0x224 build/waf.bootloader-NoOS-EMW3166/libraries/STM32F4xx.a(wiced_dct_internal_common.o)
 .debug_frame   0x0000000000000770       0x30 build/waf.bootloader-NoOS-EMW3166/libraries/STM32F4xx.a(wiced_dct_update.o)
 .debug_frame   0x00000000000007a0      0x120 build/waf.bootloader-NoOS-EMW3166/libraries/STM32F4xx.a(wiced_apps_common.o)
 .debug_frame   0x00000000000008c0      0x168 build/waf.bootloader-NoOS-EMW3166/libraries/STM32F4xx_Peripheral_Drivers.a(platform_gpio.o)
 .debug_frame   0x0000000000000a28       0x9c build/waf.bootloader-NoOS-EMW3166/libraries/STM32F4xx_Peripheral_Drivers.a(logan_audio_in_i2s.o)
 .debug_frame   0x0000000000000ac4       0xe0 build/waf.bootloader-NoOS-EMW3166/libraries/STM32F4xx_Peripheral_Drivers.a(logan_audio_out_i2s.o)
 .debug_frame   0x0000000000000ba4      0x1a4 build/waf.bootloader-NoOS-EMW3166/libraries/STM32F4xx_Peripheral_Drivers.a(platform_uart.o)
 .debug_frame   0x0000000000000d48       0x74 build/waf.bootloader-NoOS-EMW3166/libraries/STM32F4xx_Peripheral_Drivers.a(platform_watchdog.o)
 .debug_frame   0x0000000000000dbc       0xbc build/waf.bootloader-NoOS-EMW3166/libraries/Lib_Ring_Buffer.a(ring_buffer.o)
 .debug_frame   0x0000000000000e78       0x6c build/waf.bootloader-NoOS-EMW3166/libraries/STM32F4xx_Peripheral_Libraries.a(misc.o)
 .debug_frame   0x0000000000000ee4      0x160 build/waf.bootloader-NoOS-EMW3166/libraries/STM32F4xx_Peripheral_Libraries.a(stm32f4xx_dma.o)
 .debug_frame   0x0000000000001044      0x328 build/waf.bootloader-NoOS-EMW3166/libraries/STM32F4xx_Peripheral_Libraries.a(stm32f4xx_flash.o)
 .debug_frame   0x000000000000136c       0x70 build/waf.bootloader-NoOS-EMW3166/libraries/STM32F4xx_Peripheral_Libraries.a(stm32f4xx_iwdg.o)
 .debug_frame   0x00000000000013dc      0x3a0 build/waf.bootloader-NoOS-EMW3166/libraries/STM32F4xx_Peripheral_Libraries.a(stm32f4xx_rcc.o)
 .debug_frame   0x000000000000177c      0x6bc build/waf.bootloader-NoOS-EMW3166/libraries/STM32F4xx_Peripheral_Libraries.a(stm32f4xx_tim.o)
 .debug_frame   0x0000000000001e38       0x58 build/waf.bootloader-NoOS-EMW3166/libraries/Lib_crc.a(crc.o)
 .debug_frame   0x0000000000001e90      0x1e0 build/waf.bootloader-NoOS-EMW3166/libraries/Lib_SPI_Flash_Library_EMW3166.a(spi_flash.o)
 .debug_frame   0x0000000000002070       0x40 build/waf.bootloader-NoOS-EMW3166/libraries/Lib_SPI_Flash_Library_EMW3166.a(spi_flash_wiced.o)
 .debug_frame   0x00000000000020b0       0x38 /home/marcelo/Documents/WICED-Studio-6.2/43xxx_Wi-Fi/tools/ARM_GNU/Linux64/bin/../lib/gcc/arm-none-eabi/7.2.1/../../../../arm-none-eabi/lib/thumb/v7e-m/libc.a(lib_a-memcmp.o)
 .debug_frame   0x00000000000020e8       0x38 /home/marcelo/Documents/WICED-Studio-6.2/43xxx_Wi-Fi/tools/ARM_GNU/Linux64/bin/../lib/gcc/arm-none-eabi/7.2.1/../../../../arm-none-eabi/lib/thumb/v7e-m/libc.a(lib_a-memset.o)

Cross Reference Table

Symbol                                            File
ADC_irq                                           build/waf.bootloader-NoOS-EMW3166/libraries/STM32F4xx.a(platform_unhandled_isr.o)
                                                  build/waf.bootloader-NoOS-EMW3166/Modules/./WICED/platform/MCU/STM32F4xx/platform_vector_table.o
BusFaultException                                 build/waf.bootloader-NoOS-EMW3166/libraries/STM32F4xx.a(platform_unhandled_isr.o)
                                                  build/waf.bootloader-NoOS-EMW3166/Modules/./WICED/platform/MCU/STM32F4xx/platform_vector_table.o
CAN1_RX0_irq                                      build/waf.bootloader-NoOS-EMW3166/libraries/STM32F4xx.a(platform_unhandled_isr.o)
                                                  build/waf.bootloader-NoOS-EMW3166/Modules/./WICED/platform/MCU/STM32F4xx/platform_vector_table.o
CAN1_RX1_irq                                      build/waf.bootloader-NoOS-EMW3166/libraries/STM32F4xx.a(platform_unhandled_isr.o)
                                                  build/waf.bootloader-NoOS-EMW3166/Modules/./WICED/platform/MCU/STM32F4xx/platform_vector_table.o
CAN1_SCE_irq                                      build/waf.bootloader-NoOS-EMW3166/libraries/STM32F4xx.a(platform_unhandled_isr.o)
                                                  build/waf.bootloader-NoOS-EMW3166/Modules/./WICED/platform/MCU/STM32F4xx/platform_vector_table.o
CAN1_TX_irq                                       build/waf.bootloader-NoOS-EMW3166/libraries/STM32F4xx.a(platform_unhandled_isr.o)
                                                  build/waf.bootloader-NoOS-EMW3166/Modules/./WICED/platform/MCU/STM32F4xx/platform_vector_table.o
CAN2_RX0_irq                                      build/waf.bootloader-NoOS-EMW3166/libraries/STM32F4xx.a(platform_unhandled_isr.o)
                                                  build/waf.bootloader-NoOS-EMW3166/Modules/./WICED/platform/MCU/STM32F4xx/platform_vector_table.o
CAN2_RX1_irq                                      build/waf.bootloader-NoOS-EMW3166/libraries/STM32F4xx.a(platform_unhandled_isr.o)
                                                  build/waf.bootloader-NoOS-EMW3166/Modules/./WICED/platform/MCU/STM32F4xx/platform_vector_table.o
CAN2_SCE_irq                                      build/waf.bootloader-NoOS-EMW3166/libraries/STM32F4xx.a(platform_unhandled_isr.o)
                                                  build/waf.bootloader-NoOS-EMW3166/Modules/./WICED/platform/MCU/STM32F4xx/platform_vector_table.o
CAN2_TX_irq                                       build/waf.bootloader-NoOS-EMW3166/libraries/STM32F4xx.a(platform_unhandled_isr.o)
                                                  build/waf.bootloader-NoOS-EMW3166/Modules/./WICED/platform/MCU/STM32F4xx/platform_vector_table.o
CRYP_irq                                          build/waf.bootloader-NoOS-EMW3166/libraries/STM32F4xx.a(platform_unhandled_isr.o)
                                                  build/waf.bootloader-NoOS-EMW3166/Modules/./WICED/platform/MCU/STM32F4xx/platform_vector_table.o
DCMI_irq                                          build/waf.bootloader-NoOS-EMW3166/libraries/STM32F4xx.a(platform_unhandled_isr.o)
                                                  build/waf.bootloader-NoOS-EMW3166/Modules/./WICED/platform/MCU/STM32F4xx/platform_vector_table.o
DMA1_Stream0_irq                                  build/waf.bootloader-NoOS-EMW3166/libraries/STM32F4xx.a(platform_unhandled_isr.o)
                                                  build/waf.bootloader-NoOS-EMW3166/Modules/./WICED/platform/MCU/STM32F4xx/platform_vector_table.o
DMA1_Stream1_irq                                  build/waf.bootloader-NoOS-EMW3166/libraries/STM32F4xx.a(platform_unhandled_isr.o)
                                                  build/waf.bootloader-NoOS-EMW3166/Modules/./WICED/platform/MCU/STM32F4xx/platform_vector_table.o
DMA1_Stream2_irq                                  build/waf.bootloader-NoOS-EMW3166/libraries/STM32F4xx.a(platform_unhandled_isr.o)
                                                  build/waf.bootloader-NoOS-EMW3166/Modules/./WICED/platform/MCU/STM32F4xx/platform_vector_table.o
DMA1_Stream3_irq                                  build/waf.bootloader-NoOS-EMW3166/libraries/STM32F4xx.a(platform_unhandled_isr.o)
                                                  build/waf.bootloader-NoOS-EMW3166/Modules/./WICED/platform/MCU/STM32F4xx/platform_vector_table.o
DMA1_Stream4_irq                                  build/waf.bootloader-NoOS-EMW3166/libraries/Platform_EMW3166.a(platform.o)
                                                  build/waf.bootloader-NoOS-EMW3166/Modules/./WICED/platform/MCU/STM32F4xx/platform_vector_table.o
DMA1_Stream5_irq                                  build/waf.bootloader-NoOS-EMW3166/libraries/STM32F4xx.a(platform_unhandled_isr.o)
                                                  build/waf.bootloader-NoOS-EMW3166/Modules/./WICED/platform/MCU/STM32F4xx/platform_vector_table.o
DMA1_Stream6_irq                                  build/waf.bootloader-NoOS-EMW3166/libraries/STM32F4xx.a(platform_unhandled_isr.o)
                                                  build/waf.bootloader-NoOS-EMW3166/Modules/./WICED/platform/MCU/STM32F4xx/platform_vector_table.o
DMA1_Stream7_irq                                  build/waf.bootloader-NoOS-EMW3166/libraries/STM32F4xx.a(platform_unhandled_isr.o)
                                                  build/waf.bootloader-NoOS-EMW3166/Modules/./WICED/platform/MCU/STM32F4xx/platform_vector_table.o
DMA2_Stream0_irq                                  build/waf.bootloader-NoOS-EMW3166/libraries/STM32F4xx.a(platform_unhandled_isr.o)
                                                  build/waf.bootloader-NoOS-EMW3166/Modules/./WICED/platform/MCU/STM32F4xx/platform_vector_table.o
DMA2_Stream1_irq                                  build/waf.bootloader-NoOS-EMW3166/libraries/Platform_EMW3166.a(platform.o)
                                                  build/waf.bootloader-NoOS-EMW3166/Modules/./WICED/platform/MCU/STM32F4xx/platform_vector_table.o
DMA2_Stream2_irq                                  build/waf.bootloader-NoOS-EMW3166/libraries/STM32F4xx.a(platform_unhandled_isr.o)
                                                  build/waf.bootloader-NoOS-EMW3166/Modules/./WICED/platform/MCU/STM32F4xx/platform_vector_table.o
DMA2_Stream3_irq                                  build/waf.bootloader-NoOS-EMW3166/libraries/STM32F4xx.a(platform_unhandled_isr.o)
                                                  build/waf.bootloader-NoOS-EMW3166/Modules/./WICED/platform/MCU/STM32F4xx/platform_vector_table.o
DMA2_Stream4_irq                                  build/waf.bootloader-NoOS-EMW3166/libraries/STM32F4xx.a(platform_unhandled_isr.o)
                                                  build/waf.bootloader-NoOS-EMW3166/Modules/./WICED/platform/MCU/STM32F4xx/platform_vector_table.o
DMA2_Stream5_irq                                  build/waf.bootloader-NoOS-EMW3166/libraries/Platform_EMW3166.a(platform.o)
                                                  build/waf.bootloader-NoOS-EMW3166/Modules/./WICED/platform/MCU/STM32F4xx/platform_vector_table.o
DMA2_Stream6_irq                                  build/waf.bootloader-NoOS-EMW3166/libraries/Platform_EMW3166.a(platform.o)
                                                  build/waf.bootloader-NoOS-EMW3166/Modules/./WICED/platform/MCU/STM32F4xx/platform_vector_table.o
DMA2_Stream7_irq                                  build/waf.bootloader-NoOS-EMW3166/libraries/STM32F4xx.a(platform_unhandled_isr.o)
                                                  build/waf.bootloader-NoOS-EMW3166/Modules/./WICED/platform/MCU/STM32F4xx/platform_vector_table.o
DMA_ClearFlag                                     build/waf.bootloader-NoOS-EMW3166/libraries/STM32F4xx_Peripheral_Libraries.a(stm32f4xx_dma.o)
                                                  build/waf.bootloader-NoOS-EMW3166/libraries/STM32F4xx_Peripheral_Drivers.a(logan_audio_out_i2s.o)
                                                  build/waf.bootloader-NoOS-EMW3166/libraries/STM32F4xx_Peripheral_Drivers.a(logan_audio_in_i2s.o)
DMA_ClearITPendingBit                             build/waf.bootloader-NoOS-EMW3166/libraries/STM32F4xx_Peripheral_Libraries.a(stm32f4xx_dma.o)
DMA_Cmd                                           build/waf.bootloader-NoOS-EMW3166/libraries/STM32F4xx_Peripheral_Libraries.a(stm32f4xx_dma.o)
                                                  build/waf.bootloader-NoOS-EMW3166/libraries/STM32F4xx_Peripheral_Drivers.a(logan_audio_out_i2s.o)
                                                  build/waf.bootloader-NoOS-EMW3166/libraries/STM32F4xx_Peripheral_Drivers.a(logan_audio_in_i2s.o)
DMA_DeInit                                        build/waf.bootloader-NoOS-EMW3166/libraries/STM32F4xx_Peripheral_Libraries.a(stm32f4xx_dma.o)
                                                  build/waf.bootloader-NoOS-EMW3166/libraries/STM32F4xx_Peripheral_Drivers.a(platform_uart.o)
                                                  build/waf.bootloader-NoOS-EMW3166/libraries/STM32F4xx_Peripheral_Drivers.a(logan_audio_out_i2s.o)
                                                  build/waf.bootloader-NoOS-EMW3166/libraries/STM32F4xx_Peripheral_Drivers.a(logan_audio_in_i2s.o)
DMA_DoubleBufferModeCmd                           build/waf.bootloader-NoOS-EMW3166/libraries/STM32F4xx_Peripheral_Libraries.a(stm32f4xx_dma.o)
DMA_DoubleBufferModeConfig                        build/waf.bootloader-NoOS-EMW3166/libraries/STM32F4xx_Peripheral_Libraries.a(stm32f4xx_dma.o)
DMA_FlowControllerConfig                          build/waf.bootloader-NoOS-EMW3166/libraries/STM32F4xx_Peripheral_Libraries.a(stm32f4xx_dma.o)
DMA_GetCmdStatus                                  build/waf.bootloader-NoOS-EMW3166/libraries/STM32F4xx_Peripheral_Libraries.a(stm32f4xx_dma.o)
DMA_GetCurrDataCounter                            build/waf.bootloader-NoOS-EMW3166/libraries/STM32F4xx_Peripheral_Libraries.a(stm32f4xx_dma.o)
DMA_GetCurrentMemoryTarget                        build/waf.bootloader-NoOS-EMW3166/libraries/STM32F4xx_Peripheral_Libraries.a(stm32f4xx_dma.o)
DMA_GetFIFOStatus                                 build/waf.bootloader-NoOS-EMW3166/libraries/STM32F4xx_Peripheral_Libraries.a(stm32f4xx_dma.o)
DMA_GetFlagStatus                                 build/waf.bootloader-NoOS-EMW3166/libraries/STM32F4xx_Peripheral_Libraries.a(stm32f4xx_dma.o)
                                                  build/waf.bootloader-NoOS-EMW3166/libraries/STM32F4xx_Peripheral_Drivers.a(logan_audio_out_i2s.o)
                                                  build/waf.bootloader-NoOS-EMW3166/libraries/STM32F4xx_Peripheral_Drivers.a(logan_audio_in_i2s.o)
DMA_GetITStatus                                   build/waf.bootloader-NoOS-EMW3166/libraries/STM32F4xx_Peripheral_Libraries.a(stm32f4xx_dma.o)
DMA_ITConfig                                      build/waf.bootloader-NoOS-EMW3166/libraries/STM32F4xx_Peripheral_Libraries.a(stm32f4xx_dma.o)
                                                  build/waf.bootloader-NoOS-EMW3166/libraries/STM32F4xx_Peripheral_Drivers.a(platform_uart.o)
                                                  build/waf.bootloader-NoOS-EMW3166/libraries/STM32F4xx_Peripheral_Drivers.a(logan_audio_out_i2s.o)
                                                  build/waf.bootloader-NoOS-EMW3166/libraries/STM32F4xx_Peripheral_Drivers.a(logan_audio_in_i2s.o)
DMA_Init                                          build/waf.bootloader-NoOS-EMW3166/libraries/STM32F4xx_Peripheral_Libraries.a(stm32f4xx_dma.o)
                                                  build/waf.bootloader-NoOS-EMW3166/libraries/STM32F4xx_Peripheral_Drivers.a(platform_uart.o)
                                                  build/waf.bootloader-NoOS-EMW3166/libraries/STM32F4xx_Peripheral_Drivers.a(logan_audio_out_i2s.o)
                                                  build/waf.bootloader-NoOS-EMW3166/libraries/STM32F4xx_Peripheral_Drivers.a(logan_audio_in_i2s.o)
DMA_MemoryTargetConfig                            build/waf.bootloader-NoOS-EMW3166/libraries/STM32F4xx_Peripheral_Libraries.a(stm32f4xx_dma.o)
DMA_PeriphIncOffsetSizeConfig                     build/waf.bootloader-NoOS-EMW3166/libraries/STM32F4xx_Peripheral_Libraries.a(stm32f4xx_dma.o)
DMA_SetCurrDataCounter                            build/waf.bootloader-NoOS-EMW3166/libraries/STM32F4xx_Peripheral_Libraries.a(stm32f4xx_dma.o)
DMA_StructInit                                    build/waf.bootloader-NoOS-EMW3166/libraries/STM32F4xx_Peripheral_Libraries.a(stm32f4xx_dma.o)
DebugMonitor                                      build/waf.bootloader-NoOS-EMW3166/libraries/STM32F4xx.a(platform_unhandled_isr.o)
                                                  build/waf.bootloader-NoOS-EMW3166/Modules/./WICED/platform/MCU/STM32F4xx/platform_vector_table.o
ETH_WKUP_irq                                      build/waf.bootloader-NoOS-EMW3166/libraries/STM32F4xx.a(platform_unhandled_isr.o)
                                                  build/waf.bootloader-NoOS-EMW3166/Modules/./WICED/platform/MCU/STM32F4xx/platform_vector_table.o
ETH_irq                                           build/waf.bootloader-NoOS-EMW3166/libraries/STM32F4xx.a(platform_unhandled_isr.o)
                                                  build/waf.bootloader-NoOS-EMW3166/Modules/./WICED/platform/MCU/STM32F4xx/platform_vector_table.o
EXTI0_irq                                         build/waf.bootloader-NoOS-EMW3166/libraries/STM32F4xx_Peripheral_Drivers.a(platform_gpio.o)
                                                  build/waf.bootloader-NoOS-EMW3166/libraries/STM32F4xx.a(platform_unhandled_isr.o)
                                                  build/waf.bootloader-NoOS-EMW3166/Modules/./WICED/platform/MCU/STM32F4xx/platform_vector_table.o
EXTI15_10_irq                                     build/waf.bootloader-NoOS-EMW3166/libraries/STM32F4xx_Peripheral_Drivers.a(platform_gpio.o)
                                                  build/waf.bootloader-NoOS-EMW3166/libraries/STM32F4xx.a(platform_unhandled_isr.o)
                                                  build/waf.bootloader-NoOS-EMW3166/Modules/./WICED/platform/MCU/STM32F4xx/platform_vector_table.o
EXTI1_irq                                         build/waf.bootloader-NoOS-EMW3166/libraries/STM32F4xx_Peripheral_Drivers.a(platform_gpio.o)
                                                  build/waf.bootloader-NoOS-EMW3166/libraries/STM32F4xx.a(platform_unhandled_isr.o)
                                                  build/waf.bootloader-NoOS-EMW3166/Modules/./WICED/platform/MCU/STM32F4xx/platform_vector_table.o
EXTI2_irq                                         build/waf.bootloader-NoOS-EMW3166/libraries/STM32F4xx_Peripheral_Drivers.a(platform_gpio.o)
                                                  build/waf.bootloader-NoOS-EMW3166/libraries/STM32F4xx.a(platform_unhandled_isr.o)
                                                  build/waf.bootloader-NoOS-EMW3166/Modules/./WICED/platform/MCU/STM32F4xx/platform_vector_table.o
EXTI3_irq                                         build/waf.bootloader-NoOS-EMW3166/libraries/STM32F4xx_Peripheral_Drivers.a(platform_gpio.o)
                                                  build/waf.bootloader-NoOS-EMW3166/libraries/STM32F4xx.a(platform_unhandled_isr.o)
                                                  build/waf.bootloader-NoOS-EMW3166/Modules/./WICED/platform/MCU/STM32F4xx/platform_vector_table.o
EXTI4_irq                                         build/waf.bootloader-NoOS-EMW3166/libraries/STM32F4xx_Peripheral_Drivers.a(platform_gpio.o)
                                                  build/waf.bootloader-NoOS-EMW3166/libraries/STM32F4xx.a(platform_unhandled_isr.o)
                                                  build/waf.bootloader-NoOS-EMW3166/Modules/./WICED/platform/MCU/STM32F4xx/platform_vector_table.o
EXTI9_5_irq                                       build/waf.bootloader-NoOS-EMW3166/libraries/STM32F4xx_Peripheral_Drivers.a(platform_gpio.o)
                                                  build/waf.bootloader-NoOS-EMW3166/libraries/STM32F4xx.a(platform_unhandled_isr.o)
                                                  build/waf.bootloader-NoOS-EMW3166/Modules/./WICED/platform/MCU/STM32F4xx/platform_vector_table.o
EXTI_ClearFlag                                    build/waf.bootloader-NoOS-EMW3166/libraries/STM32F4xx_Peripheral_Libraries.a(stm32f4xx_exti.o)
EXTI_ClearITPendingBit                            build/waf.bootloader-NoOS-EMW3166/libraries/STM32F4xx_Peripheral_Libraries.a(stm32f4xx_exti.o)
EXTI_DeInit                                       build/waf.bootloader-NoOS-EMW3166/libraries/STM32F4xx_Peripheral_Libraries.a(stm32f4xx_exti.o)
EXTI_GenerateSWInterrupt                          build/waf.bootloader-NoOS-EMW3166/libraries/STM32F4xx_Peripheral_Libraries.a(stm32f4xx_exti.o)
EXTI_GetFlagStatus                                build/waf.bootloader-NoOS-EMW3166/libraries/STM32F4xx_Peripheral_Libraries.a(stm32f4xx_exti.o)
EXTI_GetITStatus                                  build/waf.bootloader-NoOS-EMW3166/libraries/STM32F4xx_Peripheral_Libraries.a(stm32f4xx_exti.o)
EXTI_Init                                         build/waf.bootloader-NoOS-EMW3166/libraries/STM32F4xx_Peripheral_Libraries.a(stm32f4xx_exti.o)
                                                  build/waf.bootloader-NoOS-EMW3166/libraries/STM32F4xx_Peripheral_Drivers.a(platform_gpio.o)
EXTI_StructInit                                   build/waf.bootloader-NoOS-EMW3166/libraries/STM32F4xx_Peripheral_Libraries.a(stm32f4xx_exti.o)
FLASH_ClearFlag                                   build/waf.bootloader-NoOS-EMW3166/libraries/STM32F4xx_Peripheral_Libraries.a(stm32f4xx_flash.o)
                                                  build/waf.bootloader-NoOS-EMW3166/libraries/STM32F4xx.a(waf_platform.o)
FLASH_DataCacheCmd                                build/waf.bootloader-NoOS-EMW3166/libraries/STM32F4xx_Peripheral_Libraries.a(stm32f4xx_flash.o)
FLASH_DataCacheReset                              build/waf.bootloader-NoOS-EMW3166/libraries/STM32F4xx_Peripheral_Libraries.a(stm32f4xx_flash.o)
FLASH_EraseAllBank1Sectors                        build/waf.bootloader-NoOS-EMW3166/libraries/STM32F4xx_Peripheral_Libraries.a(stm32f4xx_flash.o)
FLASH_EraseAllBank2Sectors                        build/waf.bootloader-NoOS-EMW3166/libraries/STM32F4xx_Peripheral_Libraries.a(stm32f4xx_flash.o)
FLASH_EraseAllSectors                             build/waf.bootloader-NoOS-EMW3166/libraries/STM32F4xx_Peripheral_Libraries.a(stm32f4xx_flash.o)
FLASH_EraseSector                                 build/waf.bootloader-NoOS-EMW3166/libraries/STM32F4xx_Peripheral_Libraries.a(stm32f4xx_flash.o)
                                                  build/waf.bootloader-NoOS-EMW3166/libraries/STM32F4xx.a(waf_platform.o)
FLASH_GetFlagStatus                               build/waf.bootloader-NoOS-EMW3166/libraries/STM32F4xx_Peripheral_Libraries.a(stm32f4xx_flash.o)
FLASH_GetStatus                                   build/waf.bootloader-NoOS-EMW3166/libraries/STM32F4xx_Peripheral_Libraries.a(stm32f4xx_flash.o)
FLASH_ITConfig                                    build/waf.bootloader-NoOS-EMW3166/libraries/STM32F4xx_Peripheral_Libraries.a(stm32f4xx_flash.o)
FLASH_InstructionCacheCmd                         build/waf.bootloader-NoOS-EMW3166/libraries/STM32F4xx_Peripheral_Libraries.a(stm32f4xx_flash.o)
FLASH_InstructionCacheReset                       build/waf.bootloader-NoOS-EMW3166/libraries/STM32F4xx_Peripheral_Libraries.a(stm32f4xx_flash.o)
FLASH_Lock                                        build/waf.bootloader-NoOS-EMW3166/libraries/STM32F4xx_Peripheral_Libraries.a(stm32f4xx_flash.o)
                                                  build/waf.bootloader-NoOS-EMW3166/libraries/STM32F4xx.a(waf_platform.o)
FLASH_OB_BORConfig                                build/waf.bootloader-NoOS-EMW3166/libraries/STM32F4xx_Peripheral_Libraries.a(stm32f4xx_flash.o)
FLASH_OB_BootConfig                               build/waf.bootloader-NoOS-EMW3166/libraries/STM32F4xx_Peripheral_Libraries.a(stm32f4xx_flash.o)
FLASH_OB_GetBOR                                   build/waf.bootloader-NoOS-EMW3166/libraries/STM32F4xx_Peripheral_Libraries.a(stm32f4xx_flash.o)
FLASH_OB_GetPCROP                                 build/waf.bootloader-NoOS-EMW3166/libraries/STM32F4xx_Peripheral_Libraries.a(stm32f4xx_flash.o)
FLASH_OB_GetPCROP1                                build/waf.bootloader-NoOS-EMW3166/libraries/STM32F4xx_Peripheral_Libraries.a(stm32f4xx_flash.o)
FLASH_OB_GetRDP                                   build/waf.bootloader-NoOS-EMW3166/libraries/STM32F4xx_Peripheral_Libraries.a(stm32f4xx_flash.o)
FLASH_OB_GetUser                                  build/waf.bootloader-NoOS-EMW3166/libraries/STM32F4xx_Peripheral_Libraries.a(stm32f4xx_flash.o)
FLASH_OB_GetWRP                                   build/waf.bootloader-NoOS-EMW3166/libraries/STM32F4xx_Peripheral_Libraries.a(stm32f4xx_flash.o)
FLASH_OB_GetWRP1                                  build/waf.bootloader-NoOS-EMW3166/libraries/STM32F4xx_Peripheral_Libraries.a(stm32f4xx_flash.o)
FLASH_OB_Launch                                   build/waf.bootloader-NoOS-EMW3166/libraries/STM32F4xx_Peripheral_Libraries.a(stm32f4xx_flash.o)
FLASH_OB_Lock                                     build/waf.bootloader-NoOS-EMW3166/libraries/STM32F4xx_Peripheral_Libraries.a(stm32f4xx_flash.o)
FLASH_OB_PCROP1Config                             build/waf.bootloader-NoOS-EMW3166/libraries/STM32F4xx_Peripheral_Libraries.a(stm32f4xx_flash.o)
FLASH_OB_PCROPConfig                              build/waf.bootloader-NoOS-EMW3166/libraries/STM32F4xx_Peripheral_Libraries.a(stm32f4xx_flash.o)
FLASH_OB_PCROPSelectionConfig                     build/waf.bootloader-NoOS-EMW3166/libraries/STM32F4xx_Peripheral_Libraries.a(stm32f4xx_flash.o)
FLASH_OB_RDPConfig                                build/waf.bootloader-NoOS-EMW3166/libraries/STM32F4xx_Peripheral_Libraries.a(stm32f4xx_flash.o)
FLASH_OB_Unlock                                   build/waf.bootloader-NoOS-EMW3166/libraries/STM32F4xx_Peripheral_Libraries.a(stm32f4xx_flash.o)
FLASH_OB_UserConfig                               build/waf.bootloader-NoOS-EMW3166/libraries/STM32F4xx_Peripheral_Libraries.a(stm32f4xx_flash.o)
FLASH_OB_WRP1Config                               build/waf.bootloader-NoOS-EMW3166/libraries/STM32F4xx_Peripheral_Libraries.a(stm32f4xx_flash.o)
FLASH_OB_WRPConfig                                build/waf.bootloader-NoOS-EMW3166/libraries/STM32F4xx_Peripheral_Libraries.a(stm32f4xx_flash.o)
FLASH_PrefetchBufferCmd                           build/waf.bootloader-NoOS-EMW3166/libraries/STM32F4xx_Peripheral_Libraries.a(stm32f4xx_flash.o)
                                                  build/waf.bootloader-NoOS-EMW3166/libraries/STM32F4xx.a(platform_init.o)
FLASH_ProgramByte                                 build/waf.bootloader-NoOS-EMW3166/libraries/STM32F4xx_Peripheral_Libraries.a(stm32f4xx_flash.o)
                                                  build/waf.bootloader-NoOS-EMW3166/libraries/STM32F4xx.a(waf_platform.o)